92
17
92
17
79
30
41
30
70
70
30
79
92
92
17
76
49
3
45
82
15
82
10
11
49
92
95
98
15
23
76
79
45
76
10
93
36
79
70
11
45
48
79
