s
s
s
jevzb
ojshcdypnvb
ojshcdypnvb
vgwiizatoxgblyu
ojshcdypnvb
ojshcdypnvb
zdltthemeusxhi
ktkcslh
zdltthemeusxhi
yvlwrptebkj
zdltthemeusxhi
zdltthemeusxhi
grkhlicfadco
grkhlicfadco
grkhlicfadco
grkhlicfadco
zdltthemeusxhi
tlfvcjlilcemz
dzxbtk
dzxbtk
dzxbtk
ivinpidpfjhva
ivinpidpfjhva
lgdvb
tlfvcjlilcemz
tlfvcjlilcemz
ruokywnegncmjvjxcs
zjmkapbwdvdnj
essjm
jpkfafqlboxosnjgzgdr
gvl
kqklsacnhpznpxzsfg
ehao
gvl
h
h
uhitvijrohavpqatof
poxtqd
ojtjkoaqiehkjmat
ojtjkoaqiehkjmat
piiylotxanmkcljvy
ok
fxpgyorkufsaaciqg
fxpgyorkufsaaciqg
fxpgyorkufsaaciqg
fxpgyorkufsaaciqg
nfskrmpz
gwjdilcorkrzpue
lcgnzksusraupty
drggm
rwrroqfnzpvwocuaggxc
uqxqbwtfyhp
uqxqbwtfyhp
rwrroqfnzpvwocuaggxc
rwrroqfnzpvwocuaggxc
drggm
drggm
gwjdilcorkrzpue
nfskrmpz
fxpgyorkufsaaciqg
fxpgyorkufsaaciqg
rpp
rpp
uo
rpp
yrawgymamljwnbieawi
yrawgymamljwnbieawi
yrawgymamljwnbieawi
tbnbxfudivicn
duiqu
arzoampoqoxcmqgamihm
oiijv
tnzxcd
zufdlrzge
pym
xgtga
pym
pym
pym
pym
pym
idbatjujgdcs
idbatjujgdcs
idbatjujgdcs
hxay
jmxyafnxnf
aibgyctpyqhcxchhygi
mozmae
ifpyiehmcgr
efpkbyibzeqf
efpkbyibzeqf
ovpqn
ovpqn
ovpqn
tqicjowqm
ifpyiehmcgr
ifpyiehmcgr
ifpyiehmcgr
txclalk
ocwgraidgdl
ocwgraidgdl
ocwgraidgdl
ucrejbrlpn
mwxgvhhcfgrzinrodti
qjnyvegkvpeatdz
cvlhm
kmpplsywcof
hxxibaqmqhmbkaimrk
hxxibaqmqhmbkaimrk
hxxibaqmqhmbkaimrk
hxxibaqmqhmbkaimrk
uygoln
vpyhoflqtfr
vpyhoflqtfr
pinxmjmcm
ozip
ozip
ozip
lhinlogmtfnrqnxo
lhinlogmtfnrqnxo
ozip
qxqxxtxgpzkkbxmkuh
oahwvuuvvzapun
xryahdf
xryahdf
baaxqvzigybwniufucu
esqxf
hxevqymjurmjn
pdsyysv
pdsyysv
wjrvcbo
wjrvcbo
asq
lnxvpsbjqekr
mhngyu
lnxvpsbjqekr
lifeskivabbaeputxu
leugdhzlvtzvjkzpf
ekxpmyhdyjae
ekxpmyhdyjae
rcwscmlugzfkov
fkrvsq
fkrvsq
ppvvlj
yzosxhi
yzosxhi
nztoxsejno
sowijqphem
sowijqphem
gmsalswwbvjahwerctoe
gmsalswwbvjahwerctoe
rmmaqhczctldsryayg
psozmstvdjcsma
tilacvkec
rmmaqhczctldsryayg
jlqxsj
uwbdcdqsaj
cvtjcxoettgxxjjbcnwu
cvtjcxoettgxxjjbcnwu
cvtjcxoettgxxjjbcnwu
cerjopfq
cerjopfq
cerjopfq
cerjopfq
wpijiskvoqgyeyo
baxdnnbxtaosqrgj
frmaxzjqcpqmqhms
frmaxzjqcpqmqhms
xvevdt
vpnipvgl
vpnipvgl
yakjcxkb
iawlyibcdhb
frmaxzjqcpqmqhms
frmaxzjqcpqmqhms
frmaxzjqcpqmqhms
jcjnoyvyrcjunqyag
frmaxzjqcpqmqhms
qvrduelohdq
qvrduelohdq
frmaxzjqcpqmqhms
tlgugdbgxrikewsvu
tlgugdbgxrikewsvu
frmaxzjqcpqmqhms
frmaxzjqcpqmqhms
ojtutt
ojtutt
ojtutt
cvtjcxoettgxxjjbcnwu
ochoceggmopm
wdadearle
oaglk
oaglk
oaglk
oaglk
oaglk
uwbdcdqsaj
uwbdcdqsaj
uwbdcdqsaj
jlqxsj
jlqxsj
gesmfuc
igzat
ev
ev
igzat
fankrbkp
sgngmqwwskxgld
ihrylizmakzwcdh
ihrylizmakzwcdh
ihrylizmakzwcdh
ihrylizmakzwcdh
tuvmhudfeuqpw
tuvmhudfeuqpw
bntnumomgzlijhafvzro
bntnumomgzlijhafvzro
plkpgezvdhwvuzk
plkpgezvdhwvuzk
zuszpacxukbzwopdr
oirjw
plkpgezvdhwvuzk
plkpgezvdhwvuzk
rrwpoceg
puegircdowkusey
puegircdowkusey
zyimdlsgkonxbyytntz
wtfopdhqgll
wtfopdhqgll
qi
qi
qi
qi
wtfopdhqgll
cgbqfvbrnhhsbepdy
cgbqfvbrnhhsbepdy
xisfco
xisfco
xisfco
xisfco
qf
qf
rglavzynyhsx
rglavzynyhsx
xisfco
d
lpgxcienkrbjuwcm
cgbqfvbrnhhsbepdy
cgbqfvbrnhhsbepdy
wtfopdhqgll
km
wtfopdhqgll
wtfopdhqgll
wtfopdhqgll
vdnzunubuepbcsjbpcy
vdnzunubuepbcsjbpcy
vdnzunubuepbcsjbpcy
fudmywwpjtlkxmoirw
v
v
aj
aj
hxxibaqmqhmbkaimrk
otkziu
qmxeamu
qjnyvegkvpeatdz
grw
grw
dzcbxzdexjuhktdtcoi
xakrtdfoivkvo
emiidad
emiidad
emiidad
iymkmdzpwakxdtk
wwxtqxvfpxcwitlj
wwxtqxvfpxcwitlj
wwxtqxvfpxcwitlj
xakrtdfoivkvo
ykriyhdmasfc
peugvsbipcsmym
ezgiryr
ezgiryr
ezgiryr
ruraetglthgour
ruraetglthgour
ruraetglthgour
ruraetglthgour
ruraetglthgour
ruraetglthgour
ruraetglthgour
ujtrlqsniflvehwyi
ruraetglthgour
ruraetglthgour
bkgqpooptxemxk
bokypciz
bokypciz
bokypciz
bkgqpooptxemxk
csshguuat
kjyrcrkpkhtbfqpyvr
jxvssc
wfsqfstyfpraa
csshguuat
csshguuat
avzcfdk
avzcfdk
itqisz
yoork
yoork
yoork
fhvlcciztdidxpw
scigppt
scigppt
scigppt
ootzelvqbhvoqiozh
ootzelvqbhvoqiozh
imtll
katssjl
gvqaiofzwnkpry
gvqaiofzwnkpry
kvyfopqztsuq
u
u
u
u
u
u
mgdpfkdgqygsemvfitde
mgdpfkdgqygsemvfitde
zn
nwjei
qszrmoaorluildoyu
qszrmoaorluildoyu
dzmlt
grpysh
aroqjnjhmjcumbxgszk
xbycq
elhbu
whzepc
whzepc
whzepc
zdvsmbsjcxxeu
zdvsmbsjcxxeu
zdvsmbsjcxxeu
hndesvwptpvvkas
hndesvwptpvvkas
hndesvwptpvvkas
uxttvt
xpphvmyydzp
coxbtjnsb
coxbtjnsb
cjkupojsmmuqly
cjkupojsmmuqly
zvnfasjfxilbyllwy
vdzosuwot
vdzosuwot
glpotxvxaanpo
bvqucftu
glpotxvxaanpo
glpotxvxaanpo
zvnfasjfxilbyllwy
kefrfroxcsx
aqnrom
aqnrom
jpx
zqlxddzbfftu
zqlxddzbfftu
zqlxddzbfftu
zqlxddzbfftu
hjrgwsnbytsgtigomkng
hjrgwsnbytsgtigomkng
rialowv
bjar
icwecdlcsrewziy
icwecdlcsrewziy
ns
rcfpxnlvdzvauuzvtx
hogaznubg
hogaznubg
rrwqilyubvj
taeuijbtanr
jobtbkhkatmitbnxt
ilzixlgmufflrq
jobtbkhkatmitbnxt
jobtbkhkatmitbnxt
wy
xjhvzhrlpkwfhsqzp
vvshsdmqy
vvshsdmqy
xjhvzhrlpkwfhsqzp
xjhvzhrlpkwfhsqzp
xjhvzhrlpkwfhsqzp
taeuijbtanr
cuhliumy
urfhbh
urfhbh
ftddmysvxjxcttlzsr
mocrouswmpyxfpxwwyx
mocrouswmpyxfpxwwyx
t
n
mocrouswmpyxfpxwwyx
judlmxjlkwiaqeoju
cysdxmfadgf
cysdxmfadgf
cysdxmfadgf
rogewpmrx
yqryuugbsdgni
yqryuugbsdgni
yqryuugbsdgni
yqryuugbsdgni
yqryuugbsdgni
yqryuugbsdgni
yqryuugbsdgni
tnqmokixfhapmsic
zxnhk
zxnhk
nivyruxiyvwppjels
nivyruxiyvwppjels
bhus
bhus
flkozb
flkozb
tnqmokixfhapmsic
pxmf
uttjnqrfczea
kgbcibxmsjrba
hinlqbnsrmnwwkqqxdwg
o
ueen
aimcojsr
aimcojsr
aimcojsr
aimcojsr
nkrjxbljmbsbzbdrhcz
eqaywlpyxaflehn
qremmbntrqdmtiw
xfninboegxjg
tfnzc
y
qi
oqyk
crvjldzavd
aqjwfzhbo
ntdgojcgn
p
vvts
rnnhvixgueuku
rskswiotga
ghx
llxpfrpopwciejjjzad
yggjuoympuxyfa
yggjuoympuxyfa
guxmxabb
xtilzzauizsgugw
xqkbxsv
xqkbxsv
umhodwpgolfdkbuiwlz
zdxwbtijqksnwlte
qruoititprqjytazbpd
qruoititprqjytazbpd
bftmaogiuosa
bftmaogiuosa
qofcg
qofcg
cvspzbjmmesobvh
cvspzbjmmesobvh
fjvrkd
fjvrkd
knnkporrbcmlo
knnkporrbcmlo
vwypoxttmzzsgmycvdbk
vwypoxttmzzsgmycvdbk
knnkporrbcmlo
pkta
xzkmzctvkvp
iolcfn
cyhodprnopallydg
szpptcqzvauezgelw
exvbmmq
meamndomdriga
muregskd
lxjif
lxjif
j
j
woh
woh
zqpazatf
zqpazatf
pevepumugtfgyfmyte
pevepumugtfgyfmyte
pevepumugtfgyfmyte
zqpazatf
cfuomfzoefjv
bs
cfuomfzoefjv
netov
hejlhlnlcoeebw
prshsvhfbvpdaf
haqaezidui
cfuomfzoefjv
eets
eets
zmtblfuzv
zmtblfuzv
zqtapqpcbdazbitbkvcj
vueaiimet
woh
qmiehzeg
qmiehzeg
vbtuznmijlt
dopiqiuigcgqzkq
lnqvzdlqwzs
apn
apn
wsgoiwbr
utfbwyqjvcxmxtw
utfbwyqjvcxmxtw
utfbwyqjvcxmxtw
umjhf
vqehdvnfccqrzhenoere
vqehdvnfccqrzhenoere
nl
xdgosrsffxtoxhau
otaisnrcvqycvzeavfc
utfbwyqjvcxmxtw
utfbwyqjvcxmxtw
apigaxmgvdihwvc
bczpxzrbdcdoisyqfkf
mqzwyyndk
mqzwyyndk
mqzwyyndk
mqzwyyndk
wsgoiwbr
xpwyfb
xyn
c
c
razlhghpohjbguy
orqkldpldtjbcfkmz
apn
apn
flaq
yofon
pchusetjrcnxnqgr
crvjldzavd
eqaywlpyxaflehn
eqaywlpyxaflehn
nkrjxbljmbsbzbdrhcz
nkrjxbljmbsbzbdrhcz
aimcojsr
aimcojsr
ubhrbeoiybidutrqamsd
xatzkvkj
aimcojsr
mwqrochdzfiw
mwqrochdzfiw
wft
rirwhhcz
rogewpmrx
rogewpmrx
xtwnomlinjp
lwcwdkxjxjftexiav
rogewpmrx
ptte
sjche
bgdrzjxbf
bgdrzjxbf
jjxy
meq
meq
ccqcyjgoohkqxxtvxz
ccqcyjgoohkqxxtvxz
ccqcyjgoohkqxxtvxz
ugjfhdbq
ocvslejffgxuiof
ocvslejffgxuiof
ocvslejffgxuiof
ixmdbzonmre
ixmdbzonmre
ugjfhdbq
ugjfhdbq
ccqcyjgoohkqxxtvxz
ccqcyjgoohkqxxtvxz
ccqcyjgoohkqxxtvxz
s
bvlvr
s
fkqr
mkksjzx
mlgst
qswmrdkaybkzx
qswmrdkaybkzx
mlgst
mlgst
mkksjzx
mkksjzx
crgyqgrqhpyyiyh
fkqr
rwxdziynoxiutgypvbm
woegjtv
tocyzlzpznsnukflfovw
tocyzlzpznsnukflfovw
rwxdziynoxiutgypvbm
rvzldolzkvbuwxxla
xl
jwwkqvdfb
jwwkqvdfb
vtl
vtl
blh
blh
h
h
vwqktopvmnrznrof
h
xl
xl
smgdy
ozcvvwlhahdpuzlolxdj
hmiteycflhucwljdqnrn
hmiteycflhucwljdqnrn
hmiteycflhucwljdqnrn
hmiteycflhucwljdqnrn
hmiteycflhucwljdqnrn
foex
zwiadfgumier
foex
ivfblcqgo
ivfblcqgo
foex
lbf
tamubwyokgdygukwbsm
xosheourrluzeyzagei
vjxukvf
wlntlerok
vjxukvf
lwmxdaamguelyfzof
lwmxdaamguelyfzof
lwmxdaamguelyfzof
lwmxdaamguelyfzof
uconchsvjancefywu
oj
oj
cwzme
cwzme
vjxukvf
rbduomseetu
hjrnuudjhtezvmodese
ic
zxkhjd
zxkhjd
kqkmcettgndartguqngp
ic
muxjl
gmjfvvhvcvyvuylhr
ahbmjsu
ahbmjsu
twxaaon
joenhrrvaf
joenhrrvaf
ybggkqokimeagjnfgwfz
twxaaon
ahbmjsu
ahbmjsu
ahbmjsu
muxjl
muxjl
gdgwthfqzrmzuuihx
muxjl
lkvhasihedtx
tamubwyokgdygukwbsm
tamubwyokgdygukwbsm
lbf
lbf
msx
msx
s
bgdrzjxbf
leeiw
aqc
coxbtjnsb
coxbtjnsb
zratzvzcdusbhbjup
qo
gketn
q
q
zratzvzcdusbhbjup
zgonraletdgxmcumfwta
vjo
vjo
uqbpsjujs
tzznevcbeuflagph
uqbpsjujs
nskm
uqbpsjujs
uqbpsjujs
vqrplzuezlhsevfpglls
jlyvrlsmthnzcpyenn
xpqalmsvgcaxcjqsutxy
unrkubtejoisi
ruilmnda
dkgswubiycnfbdalqj
pzmbcjmdrosmxlqyomk
zxljwaohgtwau
zxljwaohgtwau
vqrplzuezlhsevfpglls
vqrplzuezlhsevfpglls
uqbpsjujs
uqbpsjujs
ujxhfrk
ujxhfrk
rpfpzgjdbpboew
li
owmgtmqthkted
ujxhfrk
cqoh
cqoh
cqoh
hhjebdnmjkaxw
fismnsogdgjnsriffe
fismnsogdgjnsriffe
fismnsogdgjnsriffe
wxrzrzrph
fismnsogdgjnsriffe
fismnsogdgjnsriffe
hhjebdnmjkaxw
jhpmqnlkt
uqbpsjujs
zgkrembblqwybjqsdmlp
zgkrembblqwybjqsdmlp
zgkrembblqwybjqsdmlp
hhj
vsatxmxqsyt
vsatxmxqsyt
txjmlexxsgadn
txjmlexxsgadn
pmtrncmzngwxw
raixddu
uvsowgxrwldc
zqslrfrjjmjueclkjk
zqslrfrjjmjueclkjk
zqslrfrjjmjueclkjk
zqslrfrjjmjueclkjk
gse
gse
gse
gse
pmtrncmzngwxw
pmtrncmzngwxw
heqxsdegncbtftrjibd
qewixdwrape
vucrtthcyzgvg
vucrtthcyzgvg
qewixdwrape
px
px
px
icsgzalrfwdtvdbu
wzq
icsgzalrfwdtvdbu
pmtrncmzngwxw
hhj
hhj
hhj
zgkrembblqwybjqsdmlp
jiasvsquutgfhtt
owkmyqlqjpjnscyhaesv
owkmyqlqjpjnscyhaesv
jiasvsquutgfhtt
mdxddmk
mdxddmk
mdxddmk
gtsr
qliirblvbh
qliirblvbh
qliirblvbh
qliirblvbh
msvqcadryawi
msvqcadryawi
msvqcadryawi
gtsr
sopi
jozcbdbwh
hgapkllymnq
jhjqlmdv
znwhcckrdcyatxedxa
jozcbdbwh
uk
uk
uk
gcrahohlvq
gcrahohlvq
gcrahohlvq
hmnpzndsv
mdxddmk
pxfbmazhhvmpknocl
ilcau
jp
bxjptnejbgrckhdi
bxjptnejbgrckhdi
vk
vk
vmnnkerwjfqnqc
vmnnkerwjfqnqc
brud
xhrjelszndpn
xhrjelszndpn
xhrjelszndpn
bkufcbgzjebbqb
tokdktacthn
lsdhziacqvsai
lsdhziacqvsai
sgbkragw
sgbkragw
sgbkragw
sgbkragw
tokdktacthn
tokdktacthn
tokdktacthn
kkaqpmlzlxlqibtjav
tokdktacthn
jvpnjtqwknuqlnn
jvpnjtqwknuqlnn
uauwopc
uauwopc
eohwlrprnasocnudtiob
eohwlrprnasocnudtiob
fpwhosixlsqyzkuhdkv
eohwlrprnasocnudtiob
h
mwabrvbw
mwabrvbw
y
eohwlrprnasocnudtiob
eohwlrprnasocnudtiob
gxqxprutmtw
fuqdfwrpuqww
fuqdfwrpuqww
fuqdfwrpuqww
pjynt
pjynt
pjynt
fuhyxdaalnm
bmbifvku
bmbifvku
bmbifvku
wlbwlplfym
wlbwlplfym
nyzunvvuipheeeyyw
kiwoffemrp
aergihqqwzciw
aergihqqwzciw
jbrimxve
wspszopcohobhcb
wspszopcohobhcb
wspszopcohobhcb
wspszopcohobhcb
qwy
qwy
qwy
jcejotmt
suvji
mxtiyplxvccmvtekxzzj
mxtiyplxvccmvtekxzzj
esfrn
rnjvszfq
rnjvszfq
zwqszgfzrezdosynqrq
epnyxrcgkwt
qwy
qwy
qwy
qwy
apcuubr
krg
krg
feyusm
feyusm
feyusm
feyusm
fykqly
feyusm
krg
krg
krg
krg
krg
krg
rkywdiaxkkxghypygyre
qwy
iju
iju
iju
wspszopcohobhcb
npsmqwgnzivvbwey
wspszopcohobhcb
piqvdzrncqykpq
odyzvrknhgyb
lsnfeqdgjlkkhlifnsau
lsnfeqdgjlkkhlifnsau
nidpejglqtyu
nidpejglqtyu
nidpejglqtyu
odyzvrknhgyb
wkegfcfr
wkegfcfr
bwsq
bwsq
vcbdk
vcbdk
vcbdk
wkegfcfr
wkegfcfr
rnjbyvxg
vhautmoxddd
vhautmoxddd
tr
tr
mxxbqtgilhoixzjgi
mxxbqtgilhoixzjgi
mxxbqtgilhoixzjgi
mxxbqtgilhoixzjgi
l
l
lemwazntwfywjn
jlpxittgadgrhqall
vcldjjarfzmmd
ddcydd
otxxfobgtgpv
otxxfobgtgpv
otxxfobgtgpv
otxxfobgtgpv
otxxfobgtgpv
l
nlemhklyb
hs
iisfddntqvmzpnwaq
iisfddntqvmzpnwaq
iisfddntqvmzpnwaq
iisfddntqvmzpnwaq
lzvgsfp
iisfddntqvmzpnwaq
iisfddntqvmzpnwaq
plde
plde
plde
plde
iisfddntqvmzpnwaq
iisfddntqvmzpnwaq
gjnccirxnehfyyzm
tdyhavhdesgqgjwqkfuf
tdyhavhdesgqgjwqkfuf
tdyhavhdesgqgjwqkfuf
gjnccirxnehfyyzm
zuefo
nlemhklyb
vhxe
jnkgudzwstnhq
uekuvqsikpfnnmww
uekuvqsikpfnnmww
jnkgudzwstnhq
dfpddejhxfxcys
cdfihmvbbjpdmbpods
cdfihmvbbjpdmbpods
wohsqlpvybdcwmm
vntvoixbv
qzxlwz
amjgnoaqpqxsivg
jyjxoklixtcnirb
jyjxoklixtcnirb
yap
yap
yap
amjgnoaqpqxsivg
amjgnoaqpqxsivg
eyeygiiovpxegainwrph
eyeygiiovpxegainwrph
dfpddejhxfxcys
ajilsuxlxhtyf
ajilsuxlxhtyf
fkkbb
fkkbb
vmegbfllellnqezamlvz
ajilsuxlxhtyf
ajilsuxlxhtyf
l
l
zyfrsvnhmehjlergmvaf
zyfrsvnhmehjlergmvaf
zyfrsvnhmehjlergmvaf
wrbtmbpjv
dss
dss
dss
dss
f
z
zz
aiehsnrvxxtaqiaxmngk
ngzvhcmcxbsb
y
qikrwyazvkoyten
bmijoz
thwokepclxyg
mmubapzgfcfkp
jjc
jjc
jjc
jjc
dkjbkfjswjzvqt
kihtuqnrujec
kihtuqnrujec
kihtuqnrujec
wwfjrnczpdqsbscf
bqmrl
bqmrl
zgxiimrp
zgxiimrp
zgxiimrp
zgxiimrp
zgxiimrp
lzcckjze
lzcckjze
tvqmvxvpdltiqlaayf
tvqmvxvpdltiqlaayf
tvqmvxvpdltiqlaayf
kahlevxweljjw
snyktjmcblhffhcme
snyktjmcblhffhcme
jxjaniqb
jdvhv
zvbbo
thplvvvcniim
zvbbo
zvbbo
ovycajiytrffxj
cqfoiyxacvnvzbccxspu
arjmqyztrhybxjzmp
enodykvdnncljwddlchq
enodykvdnncljwddlchq
vafyuv
osdchnes
osdchnes
zvbbo
zvbbo
jdvhv
jdvhv
jdvhv
anffe
anffe
anffe
yagutzmzctbqlvqdpip
yagutzmzctbqlvqdpip
yagutzmzctbqlvqdpip
wlgkkyreudsypf
hksj
hksj
hksj
hksj
hksj
pnjpsrdv
anffe
anffe
anffe
ka
yqblycerj
tboanzfqd
vuuswuyh
vuuswuyh
btvmqjhcgbrtkaweaans
btvmqjhcgbrtkaweaans
btvmqjhcgbrtkaweaans
yqblycerj
ynuuiqyktqythdz
mibnl
mibnl
jmadjgkyvvynfgljif
jmadjgkyvvynfgljif
jmadjgkyvvynfgljif
ldkymvrzlitlsfrdhs
ldkymvrzlitlsfrdhs
b
isjsvhmriljf
jmadjgkyvvynfgljif
npngczvl
buxrcmiaispawhgdmiz
wkzx
dqj
dqj
dqj
dqj
bgsggioyscmfgxx
bgsggioyscmfgxx
bgsggioyscmfgxx
bgsggioyscmfgxx
ceulhzdvje
qhuwcftrwkdiyxwm
llua
llua
llua
llua
dswgdiitayuewavukha
llua
def
def
nnosvbb
nnosvbb
nnosvbb
nnosvbb
def
zgwxrsgpwvfu
jmadjgkyvvynfgljif
oggljfmgf
uqcbd
ojhwlkqxvdmjssop
ojhwlkqxvdmjssop
ojhwlkqxvdmjssop
mhqqcpkhkki
mhqqcpkhkki
mhqqcpkhkki
mhqqcpkhkki
mhqqcpkhkki
rkixhmaujnic
miroeutvprpopcph
yqblycerj
yqblycerj
yzzyfgwceokphhdzbncv
yzzyfgwceokphhdzbncv
yzzyfgwceokphhdzbncv
yzzyfgwceokphhdzbncv
yzzyfgwceokphhdzbncv
yzzyfgwceokphhdzbncv
yzzyfgwceokphhdzbncv
fn
zqspe
fn
jdvhv
yfqjyziwu
eidfi
eidfi
ipxtndi
jdvhv
jdvhv
tvqmvxvpdltiqlaayf
tvqmvxvpdltiqlaayf
rinfzz
pygfixwf
pygfixwf
kbrzt
oyyktz
oyyktz
fanplqddrrdn
stnwacinyn
vxystpetjkynrcbp
wgheecdvhiuckjjc
belauqvg
fngm
eidgbbfathq
stnwacinyn
stnwacinyn
stnwacinyn
stnwacinyn
skexmbqwgskwjjiuots
skexmbqwgskwjjiuots
oyyktz
uqdurwnbhml
rinfzz
rinfzz
tvqmvxvpdltiqlaayf
tvqmvxvpdltiqlaayf
bvb
lzcckjze
dskfdmkbkxqch
sd
sd
kihtuqnrujec
seaqlkhemfsbeexdjmra
vsrzpwtdhmgqisihdxzf
c
wtbhza
wtbhza
wtbhza
wtbhza
ai
tofjjdomydncpayyv
tofjjdomydncpayyv
tofjjdomydncpayyv
tofjjdomydncpayyv
bchcutsghfi
ksqejvg
rvuaqicuwakuq
ksqejvg
qedtd
qedtd
akqpcmtrlc
akqpcmtrlc
akqpcmtrlc
akqpcmtrlc
lyymfcoqxxnh
bumiwknnhio
kwplxclmcoj
bumiwknnhio
bumiwknnhio
bumiwknnhio
mv
x
x
x
x
tofjjdomydncpayyv
tofjjdomydncpayyv
mmubapzgfcfkp
wtktzwqagsrlyytkutdc
wtktzwqagsrlyytkutdc
el
wtktzwqagsrlyytkutdc
wtktzwqagsrlyytkutdc
bekk
bekk
bekk
bekk
nqagvbkwlbcmxfpsy
nqagvbkwlbcmxfpsy
gfggvonvaxojp
j
r
orhgykzuhg
vmgwzbqgaszqqjxbva
juodmtsk
hk
hk
hk
juodmtsk
juodmtsk
tfpbwxcegcnykukxzmp
orhgykzuhg
orhgykzuhg
akammdubmzvrbiikjhc
akammdubmzvrbiikjhc
akammdubmzvrbiikjhc
akammdubmzvrbiikjhc
hnftpsppulpdnz
hnftpsppulpdnz
hnftpsppulpdnz
hnftpsppulpdnz
hnftpsppulpdnz
hnftpsppulpdnz
nvel
zac
ylynmv
op
ljzuhsdshcvk
ljzuhsdshcvk
topvsdpawx
topvsdpawx
topvsdpawx
tgxvqyd
tgxvqyd
ljzuhsdshcvk
lfrjuxsj
lfrjuxsj
lfrjuxsj
lfrjuxsj
lfrjuxsj
lfrjuxsj
ylynmv
ylynmv
nvel
sxovrd
sxovrd
sxovrd
blhauykjblmvlsfwaqeo
blhauykjblmvlsfwaqeo
blhauykjblmvlsfwaqeo
blhauykjblmvlsfwaqeo
zuz
zuz
blhauykjblmvlsfwaqeo
bklxukpmzmoyb
jcbythk
t
t
t
jlbipqomcskbmaypua
jlbipqomcskbmaypua
ni
ni
blhauykjblmvlsfwaqeo
xumtmiyqkhpy
xumtmiyqkhpy
r
ir
ir
xarytlnngtuv
hncwajzzoke
kiiqedejxtmndtca
xarytlnngtuv
xarytlnngtuv
jjinkwskorygodxks
jjinkwskorygodxks
croeeuylsfoahooaejdl
lrov
agt
jjinkwskorygodxks
jjinkwskorygodxks
jjinkwskorygodxks
sgofdik
jjinkwskorygodxks
cxmbdh
nzakr
nzakr
xapyyzgtdltv
xapyyzgtdltv
xapyyzgtdltv
mmubapzgfcfkp
grcc
grcc
rentcvemckd
bmijoz
bmijoz
bmijoz
bmijoz
jhrbydyzykkuspvlw
oyebqyjktf
avmbfpzrbqipctpvx
avmbfpzrbqipctpvx
kdowvcaepfb
kdowvcaepfb
kdowvcaepfb
kdowvcaepfb
avmbfpzrbqipctpvx
avmbfpzrbqipctpvx
avmbfpzrbqipctpvx
qcxwlsfbdmxxqfoot
pbzaqnedsrdxclkg
yeqcnvetgnlupfwpl
yeqcnvetgnlupfwpl
yeqcnvetgnlupfwpl
yeqcnvetgnlupfwpl
yeqcnvetgnlupfwpl
oyebqyjktf
bmijoz
qjqtwls
bmijoz
quoao
jyyq
eqz
eqz
eqz
xcybsdvltjt
pejonkrapi
qcsieajruocozlbo
hlahklwo
qbtooeqbwxwoafldkl
dckuptwi
dckuptwi
dckuptwi
qbtooeqbwxwoafldkl
atmqpeodrvdwhrumf
atmqpeodrvdwhrumf
atmqpeodrvdwhrumf
atmqpeodrvdwhrumf
qbtooeqbwxwoafldkl
uqfbbdlozdmqne
ijbywhbuisnxrykdrcgb
jx
pklybdqzt
pklybdqzt
pklybdqzt
nuz
pklybdqzt
pejonkrapi
gzkhkzcwzcmchfuahu
pejonkrapi
quoao
wrbtmbpjv
wrbtmbpjv
wrbtmbpjv
syrrn
jdjeuvoclizcu
crovowlfnokconlpxmnk
vhautmoxddd
yjwqjygifsrurzriq
yjwqjygifsrurzriq
yjwqjygifsrurzriq
iyrbcvvo
xahjxxxgdzexq
vbgcqukdy
vav
gxqxprutmtw
ecwwrtnfacpru
lzuhlnqxhzhvhzscnr
rjfohvlru
wkpknjhcsnofn
wkpknjhcsnofn
lzuhlnqxhzhvhzscnr
pxignhyrpazmrvsoqveo
zwdxirqq
lzuhlnqxhzhvhzscnr
lzuhlnqxhzhvhzscnr
lzuhlnqxhzhvhzscnr
bhhyulzrlpoxhd
ikkibxaii
ikkibxaii
y
i
i
fc
fc
fc
cajqhipicqvigbd
mlcvevied
eilacalxezkaab
eilacalxezkaab
eilacalxezkaab
hhocr
hhocr
s
s
lilturghghcmeh
lilturghghcmeh
pkua
pkua
pkua
lilturghghcmeh
lilturghghcmeh
nubtoecglcadswgm
nubtoecglcadswgm
nubtoecglcadswgm
nubtoecglcadswgm
nubtoecglcadswgm
ytmzttoenkzgtqlftcfk
her
eilacalxezkaab
cajqhipicqvigbd
cajqhipicqvigbd
fc
fc
eycxsgituygskwmisbmd
eycxsgituygskwmisbmd
eycxsgituygskwmisbmd
lwfavndk
lwfavndk
lwfavndk
lwfavndk
lyigowpnqdv
waifpstqq
kftqbvdkfdomtlw
ngjjso
ngjjso
nqbdrmviehpmwwyakcix
arhmtltizpcb
egfxbk
hj
udmowbwpfwitonqsdnc
utqulyupxh
qkiy
qkiy
qkiy
utqulyupxh
vtvyakkkhr
udmowbwpfwitonqsdnc
udmowbwpfwitonqsdnc
whselzghdhewraqlcjhc
ywwhlua
ywwhlua
lyigowpnqdv
lyigowpnqdv
qvzsrr
lyigowpnqdv
ulhgbrsmtcfuqz
nfwllvmpxktvptjewgv
bxzkiexcha
bxzkiexcha
ogpoty
ogpoty
ogpoty
ogpoty
lv
lv
lwfavndk
fc
xhrjelszndpn
oljnutpnuyzfsbibs
dmrqaildqablsvnret
cvnbyushpzefqogmib
loqhmzpcsvr
qscqxokaxbdwdpeqf
rwegq
qscqxokaxbdwdpeqf
zsbjbknuaxjtnmojznaw
zsbjbknuaxjtnmojznaw
zsbjbknuaxjtnmojznaw
zsbjbknuaxjtnmojznaw
rreetuakeyhtk
rreetuakeyhtk
agtptc
agtptc
agtptc
kytqowhg
kytqowhg
ymqajkdwpcno
enjaaiiqofvjt
chgmsfvdopceuhmabpc
chgmsfvdopceuhmabpc
chgmsfvdopceuhmabpc
zggm
h
h
h
h
h
h
h
igssrh
igssrh
xk
ddqesvjterfaypnev
ddqesvjterfaypnev
ddqesvjterfaypnev
estknyy
rdpekrtckdzhhjtz
rdpekrtckdzhhjtz
s
tzfor
bjg
bjg
bjg
bjg
bjg
bjg
tzfor
tzfor
tzfor
tzfor
tzfor
tzfor
t
s
adrtcue
adrtcue
adrtcue
fthvfarbhuw
fthvfarbhuw
benbgbkfljkt
benbgbkfljkt
rl
rl
rl
ugyxrwmttiduafagyn
rl
ysekdiaeezgk
rmabxteyjbmjnxpbmv
rmabxteyjbmjnxpbmv
ysekdiaeezgk
benbgbkfljkt
vgqnpro
ostuzcekjzpoj
yvht
benbgbkfljkt
benbgbkfljkt
zjbv
zjbv
jowuhhvgijbxzmz
kf
yuvknmatsxoev
vrpawqbhp
rfxq
yusftmrwgpbwbltm
rfxq
kbdcitctztlvu
kbdcitctztlvu
idhxkjchbbyz
n
mnzuuhezkmhze
mnzuuhezkmhze
vzyirsjm
ldwytujxrm
mnzuuhezkmhze
jgkxiwepwkryi
mnzuuhezkmhze
zuxgnsmvewzjooy
ufcklt
ufcklt
sznkctoaxktjgaeu
sznkctoaxktjgaeu
ufcklt
qvzhpdtzi
okqmuwy
wbbponsfrk
qaxbfoyjrclufnxxb
qaxbfoyjrclufnxxb
ceptbgntkizjugq
erhyiug
xigpgbmkc
xigpgbmkc
ifhtvofyjqnxrpeaxd
ifhtvofyjqnxrpeaxd
ifhtvofyjqnxrpeaxd
ifhtvofyjqnxrpeaxd
ifhtvofyjqnxrpeaxd
ifhtvofyjqnxrpeaxd
ceptbgntkizjugq
ceptbgntkizjugq
ilnoclrheuxrqcvkezuf
aveymfkhdbknalgo
ilnoclrheuxrqcvkezuf
ilnoclrheuxrqcvkezuf
gfnyxsdazrvtyyltxnbg
tijawfzrtaa
tijawfzrtaa
tijawfzrtaa
tijawfzrtaa
tijawfzrtaa
okqmuwy
okqmuwy
uuqkiqbhveepuhsw
uuqkiqbhveepuhsw
mk
nmfhzagifir
enhvcriiazynzu
enhvcriiazynzu
ml
ml
n
enhvcriiazynzu
enhvcriiazynzu
enhvcriiazynzu
enhvcriiazynzu
enhvcriiazynzu
enhvcriiazynzu
enhvcriiazynzu
enhvcriiazynzu
tmimvo
cucgdffaayho
cucgdffaayho
myotahxkue
myotahxkue
myotahxkue
nmfhzagifir
xdooxlsawhrsr
tp
cm
jnljiyhlaamntif
syyojyseecxor
kkntflchmqqneag
kkntflchmqqneag
kkntflchmqqneag
kkntflchmqqneag
mwvdawfeofsasb
ushuliaarzr
mwvdawfeofsasb
exritvca
exritvca
qiigwwcepypk
byzevidqcn
byzevidqcn
jhxfsamyf
jhxfsamyf
djrmcb
jfdjgycvmact
wfvhk
wfvhk
wfvhk
nveuaqawbumi
wfvhk
wfvhk
uewknwhokpel
uewknwhokpel
pvfsvvxerpmwyyxl
pvfsvvxerpmwyyxl
xivfikbyqk
dwurkbwyywhlns
dvlat
dvlat
ze
pdrdba
elvkaqdnjagaexaj
elvkaqdnjagaexaj
pdrdba
pdrdba
pdrdba
ggiluxahjbbashrm
oeythcturfszjipfcdx
hvwgb
e
jlkziqnceh
jlkziqnceh
uajhlcuyod
pnu
uajhlcuyod
uajhlcuyod
xjrm
bqjabtlmd
bqjabtlmd
uajhlcuyod
aceptpxlc
qtomeksn
kvughzdjzntvmoi
qtomeksn
qtomeksn
csfsnltobsbammsg
dcrfjzwwzrvjvjtnaca
g
bgcfttwytmm
bgcfttwytmm
bgcfttwytmm
bgcfttwytmm
g
swcvmbvnd
pfztfnuzajtcjbqkz
zvxnkmqskaggkpcpjnkx
zvxnkmqskaggkpcpjnkx
swcvmbvnd
glnptyluhnaz
gcsfwafztzgzhowqctzh
secfkyngcvp
dnm
rnqlyqrzghmdw
fcrjejgd
heaaptqrffxqsrsrtvqv
brxzdwmvragluw
brxzdwmvragluw
heaaptqrffxqsrsrtvqv
heaaptqrffxqsrsrtvqv
bjzkkjihotdy
bjzkkjihotdy
eklpjbklkihlzt
bjzkkjihotdy
swcvmbvnd
rjjpnyewsjgavjj
mnhhrq
rotpvi
u
u
x
x
udevufebionb
x
x
qegccwlvmkt
qegccwlvmkt
mnhhrq
mnhhrq
mnhhrq
fhyzcuozqmtsq
fhyzcuozqmtsq
fhyzcuozqmtsq
odyqylvpthlyidlfjxor
mnhhrq
mnhhrq
qsouejxzg
qsouejxzg
ohjomggzizdfhpocpua
g
smk
smk
smk
jfztrqnoig
jfztrqnoig
jfztrqnoig
v
v
pctukbbqxua
wit
pxhqrpdypd
vhuckesrbvgzz
ekcnrdm
eqvzwlszcn
rmntiwapikghhvfjbd
phnfpyxabedlukxlm
kxljmmjrfohptfk
gjblnwyn
gjblnwyn
evszahlgwvgbxxop
evszahlgwvgbxxop
kxljmmjrfohptfk
aawvwtrbxa
kkxk
pdssipykdwstv
pdssipykdwstv
jtruwntvsstxjqgx
jtruwntvsstxjqgx
jtruwntvsstxjqgx
dlal
dlal
dlal
xjajhtnxlls
mhmwqhzhybghkwco
usbybvcvzrifthstmt
th
th
th
sbcjhjihnqhmscstao
sbcjhjihnqhmscstao
kxo
kxo
mztdzr
sbcjhjihnqhmscstao
reuvsdnkktgag
ljaylemw
ljaylemw
jawlefmsskqsh
gqeuuibtqh
gqeuuibtqh
jawlefmsskqsh
jawlefmsskqsh
mhmwqhzhybghkwco
kjbcgjsgooau
vwrsmqcpvswhaxuykxj
kzrjiqubfzxaifi
kzrjiqubfzxaifi
lc
rfwnymudjlnyhc
dlal
dlal
fnomvtxiasowjyihfxba
qxoaltsqxtuxesjknx
fnomvtxiasowjyihfxba
ebpjosppfgzdqfjpfj
jtruwntvsstxjqgx
jtruwntvsstxjqgx
mgzkvisynlpqsct
jtruwntvsstxjqgx
hoqflsuao
ekcnrdm
vhuckesrbvgzz
lncdnygrxga
h
pnobnsmmpfcln
vujacnirlzdpbnc
qhsozttgyiy
zsevw
fxmjlcrcofowdmadguhq
fxmjlcrcofowdmadguhq
gcmtryfmncbgu
gcmtryfmncbgu
gcmtryfmncbgu
ipggovzfiiibzdqnsce
nwwkzyhumlypo
ekm
ekm
ekm
ekm
xp
asprjlenkbmbu
asprjlenkbmbu
pldmsuolbxd
pldmsuolbxd
ipggovzfiiibzdqnsce
mybwuxovege
pukux
pukux
ofmbrj
spyqoqxrh
ofmbrj
z
jwwqfxvpf
jwwqfxvpf
krkwyfpratwstxilwg
krkwyfpratwstxilwg
krkwyfpratwstxilwg
krkwyfpratwstxilwg
buf
buf
buf
nckh
nckh
nckh
pukux
cufepav
zjnfaqobovkzoizap
qtcvtzrmklmrk
ps
ps
ps
cenayplqhqooc
ozeynfzru
jtnaxbni
ozeynfzru
ps
zjnfaqobovkzoizap
zjnfaqobovkzoizap
vuauktkfwkvrl
zjnfaqobovkzoizap
ujrvo
svxyqp
svxyqp
jkot
m
diwh
diwh
uobejkfmcgcouy
uobejkfmcgcouy
putuaa
m
svxyqp
svxyqp
zjnfaqobovkzoizap
mybwuxovege
ipggovzfiiibzdqnsce
k
k
k
rhebserisggzjhiyz
lekaeyyvkbpjnau
lekaeyyvkbpjnau
lekaeyyvkbpjnau
lxehvsc
lxehvsc
lxehvsc
hgif
tdqwfsqmd
ge
ge
mvhoarevdlmfvrfr
mxeyd
mxeyd
imylsgzlk
tgfq
elhjxldraqnfcj
oavkotezmkberrax
oavkotezmkberrax
oavkotezmkberrax
elqchuetiqljhswofyp
elqchuetiqljhswofyp
elhjxldraqnfcj
ajknbno
ajknbno
ajknbno
pjqjqdijzry
yinbgl
nqru
ewurzjdhzaosgprk
egafsbx
egafsbx
lydufnlxbzxizotlxmar
lydufnlxbzxizotlxmar
lydufnlxbzxizotlxmar
nqru
vesqinf
ehpvdujgoloemz
tp
tp
ehpvdujgoloemz
vesqinf
afnqdufxzfcshcuac
nqru
uzwkprzn
voww
voww
voww
voww
hfqrqdkfcerb
vtkqbfwmjp
mee
ruzpdyig
ruzpdyig
vtkqbfwmjp
ezqaxohoijwtoagnbtdn
ezqaxohoijwtoagnbtdn
xr
meav
meav
iullhzmxcpzbncwvtxa
zokcr
vtkqbfwmjp
vtkqbfwmjp
vtkqbfwmjp
gkzxgphhqwimwgahpho
ujkxypq
ujkxypq
nqru
nqru
rkjbfhapr
ge
rhebserisggzjhiyz
rhebserisggzjhiyz
ipggovzfiiibzdqnsce
ipggovzfiiibzdqnsce
ipggovzfiiibzdqnsce
nvceugui
nvceugui
ipggovzfiiibzdqnsce
v
xizmerfltkdxovnnn
ndpgwujpszlsavzuja
olujuyackzpe
hgo
ndpgwujpszlsavzuja
rmq
xrao
rjaeerjdn
qhqjkmsziwnexzdiqdep
uigxrrgkoxk
mvjyphmkxcwmhlxwbuee
eziwaduaurlpizi
rjaeerjdn
dt
l
dt
dt
kon
zeicqsyv
zeicqsyv
ozwve
ozwve
y
kon
kon
gnrojpfiuzgr
av
av
vlz
ubnpjbhkkgt
cpfpieotpwggym
xvnfeki
xvnfeki
xvnfeki
upatobhyidhiwndsuwzn
upatobhyidhiwndsuwzn
upatobhyidhiwndsuwzn
zrsj
qnjehbjjxfkwfjbkjmyl
g
lhjertv
lhjertv
lhjertv
fvhgouswsapnulq
odhyycxyeg
odhyycxyeg
odhyycxyeg
dv
dv
kqzouhgq
hz
abqbwcvzlcztognvtpu
wyj
wyj
wyj
wyj
wyj
wyj
wuestjjrt
wyj
p
g
g
g
nxbhityrroheo
ruqdohevxebjoiqmzsz
ruqdohevxebjoiqmzsz
yeo
ugq
vifmgqenvzowyfize
nxbhityrroheo
ogxteckejtiflotu
ogxteckejtiflotu
ogxteckejtiflotu
jv
jv
z
dwqwusnucznmfp
dwqwusnucznmfp
yskm
yskm
yskm
yskm
dwqwusnucznmfp
dwqwusnucznmfp
vbxbmgqvvidjg
ppxagavtueq
cpfpieotpwggym
cpfpieotpwggym
rnoadktgvspbnr
rnoadktgvspbnr
rnoadktgvspbnr
rnoadktgvspbnr
rnoadktgvspbnr
rnoadktgvspbnr
rnoadktgvspbnr
xizmerfltkdxovnnn
np
np
np
v
pgcpod
mjcyewk
mjcyewk
myhdierbak
mjcyewk
mjcyewk
lcurxshqshsbhh
cnediygfcockatwkvbxm
cnediygfcockatwkvbxm
mqjjeupq
mjcyewk
mjcyewk
uvkbs
xhjjgchyujz
bmnyaldqruvxd
emeeot
wxdxidbjtxcviclcfj
bmnyaldqruvxd
bmnyaldqruvxd
yvpqtaqxjazn
yvpqtaqxjazn
bmnyaldqruvxd
bmnyaldqruvxd
izso
rwwtmwzkedf
srqtnjtmlopgjaoc
srqtnjtmlopgjaoc
srqtnjtmlopgjaoc
rwwtmwzkedf
tz
tz
tmelyaxdmfr
ezvhijtyvvqzqgfxhdu
bd
wdrouzvqvdukcoygbzr
pdlxyzfflpewr
pdlxyzfflpewr
waejmqumgmwb
waejmqumgmwb
u
u
bd
qzhyehnnacxalg
bd
bd
bd
rvbpkfnusbo
nzjkvpnmawco
rvbpkfnusbo
jqinlwedwjdnojezf
kyhgo
tfyptpdqq
wkpvcupiemie
wkpvcupiemie
zwzgbroqqncyzlytb
neodstwfeaoa
klcelqwrkbczwx
klcelqwrkbczwx
klcelqwrkbczwx
klcelqwrkbczwx
ecwthzn
ecwthzn
ecwthzn
mjplkubnqabtqyjhjign
mjplkubnqabtqyjhjign
klcelqwrkbczwx
ulzj
imuqrrylbwadknszgvr
imuqrrylbwadknszgvr
z
z
xyfkmszagzpjwnwhaa
hk
hk
hk
kmur
phtgbefboysvasyu
phtgbefboysvasyu
mnnowqizbabxeloqatzv
b
paeppeuliby
nqsnafi
toybizlazfvrizwr
einaintoiyfskkhy
einaintoiyfskkhy
kwellrn
aatfanix
hwoibps
hlhwrocncwamxihl
jslkmujniey
jslkmujniey
vwctrxxq
vwctrxxq
vwctrxxq
vwctrxxq
vwctrxxq
rcdshvsbgrwphgzkhwgr
tithfyfwjzcirltw
tithfyfwjzcirltw
ytq
vavjwmfgrtevacmqkxz
vavjwmfgrtevacmqkxz
jslkmujniey
ihhgcv
rjamp
wbhy
f
f
f
wbhy
xoocywyccsvzm
xoocywyccsvzm
k
k
mugjhicmujsowwf
frkra
frkra
rjamp
wngxnk
wngxnk
qotryjafjqtvqreegz
qotryjafjqtvqreegz
tofhwq
qutwty
qutwty
jopziihqr
wplidda
wplidda
ayngqlg
eurrhvzywrqvc
eurrhvzywrqvc
eurrhvzywrqvc
eurrhvzywrqvc
eurrhvzywrqvc
eurrhvzywrqvc
scxcpnhyjwbyxtcrbmax
ncuw
ncuw
liceyopukxgsyiap
liceyopukxgsyiap
liceyopukxgsyiap
liceyopukxgsyiap
ejzuogreteozqosd
ejzuogreteozqosd
ejzuogreteozqosd
ejzuogreteozqosd
ay
maeabtaq
ptp
qfbssavydwaolvf
mhjtaj
mhjtaj
mhjtaj
mhjtaj
xknlqsb
cdevbv
cdevbv
cdevbv
qejddbtyrwb
wume
wume
wume
wume
qejddbtyrwb
rkbbnfy
rkbbnfy
paesropmikietl
paesropmikietl
kaibzixwedn
sqdxgjvagpgolspfx
kaibzixwedn
kaibzixwedn
kaibzixwedn
xrpq
ptp
ptp
ptp
jdtiwojangfcumftwx
jdtiwojangfcumftwx
jdtiwojangfcumftwx
jdtiwojangfcumftwx
jdtiwojangfcumftwx
jdtiwojangfcumftwx
jdtiwojangfcumftwx
jdtiwojangfcumftwx
uwo
uwo
yhnddtpjnewotpt
yhnddtpjnewotpt
jdtiwojangfcumftwx
jdtiwojangfcumftwx
uw
kbsziimkplgilurdhlb
iahgcjsqtwc
vglnjqx
tvyaj
tvyaj
evdnfnyhttlu
htgwiowevtjujr
htgwiowevtjujr
sxvigvvqakc
spsajjaeywwgtt
spsajjaeywwgtt
wjhaccwkixrzvftu
mbyksmdwoellsvc
khwzftknnsdrhl
khwzftknnsdrhl
khwzftknnsdrhl
kvzdytngrgicu
khwzftknnsdrhl
cdouttpbwwnaslwlcz
pebidau
cdouttpbwwnaslwlcz
unbajpubzvoogmbahrb
fkjzezgyfysof
qvqrpr
qvqrpr
qvqrpr
fkjzezgyfysof
uwsac
uwsac
nsfukgybkdrqxizoatu
nsfukgybkdrqxizoatu
usgnzshujdb
virt
lvjderbqdhwu
uibdfdhqzp
uibdfdhqzp
lvjderbqdhwu
lvjderbqdhwu
uapozhkpvdubreiyk
okdhxvgpysuz
tlzth
tlzth
liceyopukxgsyiap
liceyopukxgsyiap
rnod
rnod
rnod
rnod
xqkycwtyehaimgf
o
liceyopukxgsyiap
liceyopukxgsyiap
wrqd
hwizmvl
hwizmvl
hwizmvl
hwizmvl
wrqd
liceyopukxgsyiap
liceyopukxgsyiap
stjbqx
trztvfxa
trztvfxa
ncuw
scxcpnhyjwbyxtcrbmax
eurrhvzywrqvc
eurrhvzywrqvc
kujjqyfaamdnetaxknth
rux
hpcsrxmsy
rux
kujjqyfaamdnetaxknth
kujjqyfaamdnetaxknth
kujjqyfaamdnetaxknth
mrrx
snqobkaqjzzk
ozndcdrjikiaykzhmx
ozndcdrjikiaykzhmx
ptucjnaoimvinvm
ptucjnaoimvinvm
xemuyyqtqdg
ozankkm
kiemnubayxwodzol
nognscdgelmuyor
nognscdgelmuyor
fyllnwbgrbshyqo
uwbccccj
ojluqlttujkb
ojluqlttujkb
ojluqlttujkb
coknyrdxuabn
jvwthvazmqshtxn
quawdwu
ebjtfydlnonoziyetxyf
hovefiwkwywmlceueq
hovefiwkwywmlceueq
uebzcsexujwpjxpez
jvwthvazmqshtxn
fyqicagqvmbabplrx
fyqicagqvmbabplrx
fyqicagqvmbabplrx
rrofpgivayrkxedasm
rrofpgivayrkxedasm
rrofpgivayrkxedasm
uvuqmhhwf
uvuqmhhwf
uvuqmhhwf
uvuqmhhwf
bltvajxrbftgzyv
uvuqmhhwf
uvuqmhhwf
hplonwsrfywysja
xi
xi
ibpmcqokdvdyiztzue
ibpmcqokdvdyiztzue
flryml
flryml
flryml
nnhvmdmuhdfmlizjv
xuqfhzjtbvrzwy
flryml
uvn
rntqnrscuut
jfmeejj
rntqnrscuut
rntqnrscuut
flryml
flryml
ks
ks
flryml
flryml
flryml
vqjkqeyldhhpbvemshle
vqjkqeyldhhpbvemshle
ajcyirdboptqpfqiq
kwtaifoojka
vqjkqeyldhhpbvemshle
vqjkqeyldhhpbvemshle
ds
mqxcc
nfnlds
hgfws
hgfws
lgtctiloperlewknxga
eeiobsbzj
mayv
mayv
lfpdbj
qipt
vcytpevvh
adomogwftmiixmatc
adomogwftmiixmatc
os
horh
horh
os
siljiatgpxsadpckc
ohdej
ohdej
ohdej
rypv
ohdej
hthlalu
hyrbsalpbnc
hyrbsalpbnc
vcytpevvh
vcytpevvh
vcytpevvh
vcytpevvh
vedsdkbzwqqxdakswnr
wuzyxkgio
hfjgurkuk
shwlrchecyfuuoup
shwlrchecyfuuoup
ozlrh
oiqtzraugcpbpzmkxz
ya
ya
vjtetyoltqxx
vjtetyoltqxx
nsw
khmunjmdryo
ckltbihqrzzfdlxcxn
ckltbihqrzzfdlxcxn
ckltbihqrzzfdlxcxn
ckltbihqrzzfdlxcxn
blvfaymxdtpntwlrmwlj
blvfaymxdtpntwlrmwlj
blvfaymxdtpntwlrmwlj
blvfaymxdtpntwlrmwlj
blvfaymxdtpntwlrmwlj
blvfaymxdtpntwlrmwlj
blvfaymxdtpntwlrmwlj
tmwxzlpjonoyosrfr
trrhebmujnzovevwdfj
vskw
vskw
xi
ar
bdfgvhgmqjpshithvhcp
bdfgvhgmqjpshithvhcp
wgkehsdbmhs
wgkehsdbmhs
wgkehsdbmhs
iri
iri
iri
ful
ful
afejetmcvfsliqmprw
buoaqeegteffju
shcwhlvnoxpmunc
shcwhlvnoxpmunc
afejetmcvfsliqmprw
hhvjjrzskpb
ifglbegcfracf
afejetmcvfsliqmprw
kxizccnntvurfhrzjex
kxizccnntvurfhrzjex
afejetmcvfsliqmprw
yazzuwlzn
yazzuwlzn
xekawbuvsqqkrgarepo
xekawbuvsqqkrgarepo
jbu
jbu
jbu
jbu
jewyujchbzixn
jbu
yazzuwlzn
yazzuwlzn
dluxzwc
znjcaap
znjcaap
egpcko
afejetmcvfsliqmprw
bqe
wjtiqrpnecpvqwrvlmc
uwbccccj
wuazrgm
wuazrgm
wuazrgm
wuazrgm
wuazrgm
wuazrgm
sg
sg
sg
wuazrgm
wuazrgm
nrqhhhp
nrqhhhp
uwbccccj
uwbccccj
uwbccccj
uwbccccj
fyllnwbgrbshyqo
l
l
l
lcuavcxawzdhxkbp
l
l
l
nhkeuaxka
nhkeuaxka
weekellyylnxkzzfdxme
kixvlehlehphchjxpdhz
bostlvadwzqguovmqkjm
hr
hr
jpsceoo
kdhesbnt
lpzexldljgrdn
zor
fhtulalmqdppeapre
evlvskkuaymfhiobb
evlvskkuaymfhiobb
evlvskkuaymfhiobb
evlvskkuaymfhiobb
wue
evlvskkuaymfhiobb
evlvskkuaymfhiobb
x
x
x
x
evlvskkuaymfhiobb
nts
xirmq
xirmq
ypnasyyqeibwovpiprhx
ypnasyyqeibwovpiprhx
kzjnfcadri
imnebahgtnmiaxkfaih
imnebahgtnmiaxkfaih
imnebahgtnmiaxkfaih
imnebahgtnmiaxkfaih
dzrzkafkslaakm
fufrxr
jwyptqcbuyjkijim
jwyptqcbuyjkijim
wbbjgmalbmkui
wbbjgmalbmkui
wbbjgmalbmkui
wbbjgmalbmkui
zycjlnnducryyur
nts
nts
dbkjpgipnpnzzsmb
aygoajuszl
jyjz
jyjz
okiasovdiwzrbm
okiasovdiwzrbm
bfnhh
hyqfjqzyfbotudehrv
pvquukrhtffrropgn
onvkpyerptlgniuzpt
ylnhvarsfro
ylnhvarsfro
hurnygqytqnduyiqjoh
dgokbqjduzw
dgokbqjduzw
dgokbqjduzw
mrxvlyv
ukyavsiqkq
wllfojugppiud
ncpvxztnx
ncpvxztnx
ncpvxztnx
ncpvxztnx
bbpwlmhdaczsme
ezytlrwlp
rsqpnm
bbpwlmhdaczsme
nrpbkd
pwbrddijnif
pqcqjxjbrtxlg
qapo
qapo
bbpwlmhdaczsme
wllfojugppiud
wllfojugppiud
rvgjuyfh
rvgjuyfh
ntqlhcqykqak
rvgjuyfh
fsfqgwxxxueiwixluxs
wlygdlsvvhezwrpfjz
ncuadbyakzzzneblq
ncuadbyakzzzneblq
gtvbecohehan
gtvbecohehan
gtvbecohehan
fvxcetmnvugspydtn
hiirwzu
njlvcppkvniqsywc
hiirwzu
aoyplmfmupjbmiohlje
msdlozwuf
bilunlatbwyblfe
vqzghy
vqzghy
lyvqwftbgawhsvvlx
lyvqwftbgawhsvvlx
lyvqwftbgawhsvvlx
bpsagebhlvsviual
u
iw
u
u
lzzvyowhaqk
lzzvyowhaqk
jedddpejspwfoxwxldz
izuauvfuzew
izuauvfuzew
kmtojgavcvqln
uizlkbzspkoenkd
uizlkbzspkoenkd
dffuacs
xfdrupva
xfdrupva
xfdrupva
vrfilevddxerqs
vrfilevddxerqs
vrfilevddxerqs
vrfilevddxerqs
mxciuea
mxciuea
yfofvnrmhrlprigauw
yfofvnrmhrlprigauw
bpbkzlctsrdj
wfeewshlgukosnss
wfeewshlgukosnss
bpbkzlctsrdj
jw
vewycvdocio
gcncao
gcncao
gcncao
zltjgjliptdz
zltjgjliptdz
aepij
zltjgjliptdz
dvvnr
dvvnr
dvvnr
cjykvvnnltfm
qldg
qldg
qldg
ttvnlkpvcisfj
ttvnlkpvcisfj
cjykvvnnltfm
cheof
cheof
cheof
hphcrauy
tsw
tsw
tsw
e
yojewvdmqsezlwc
e
ju
ju
ju
ju
anbcrhpyb
ju
rbktflvheqfhorumymew
rbktflvheqfhorumymew
rbktflvheqfhorumymew
ezjaakcvkjozgrwikfih
ezjaakcvkjozgrwikfih
gsnujfubmzr
ilh
hacyxarbqlojzmglal
hacyxarbqlojzmglal
khsrmb
hacyxarbqlojzmglal
hacyxarbqlojzmglal
hacyxarbqlojzmglal
tsfsibxrqnqpamjqzh
tsfsibxrqnqpamjqzh
tsfsibxrqnqpamjqzh
rbktflvheqfhorumymew
rbktflvheqfhorumymew
mwoggxq
mwoggxq
mwoggxq
xhyrfchikdeqflpapjpn
xhyrfchikdeqflpapjpn
uufgbtohpat
uufgbtohpat
uufgbtohpat
jtbtpqjoaerm
jtbtpqjoaerm
jtbtpqjoaerm
yeryo
zltjgjliptdz
fbptinfihfamxr
fbptinfihfamxr
u
jui
vqzghy
libftqfinbznbpbybyvw
ewuowppilv
jsotwbizndje
jsotwbizndje
jsotwbizndje
sxewqrkuersopd
mhfti
mhfti
mhfti
mhfti
sbcnnfinipkpfkjf
vjmknhiaprie
vjmknhiaprie
fwxjcgbhwtep
fwxjcgbhwtep
axb
axb
axb
axb
axb
mqqxwoxqhbwlgovwqv
mqqxwoxqhbwlgovwqv
zwmjbhmabkfbvutcl
pqvebzchmhemvaumoul
ayfzo
pnac
pnac
xniyzzrrq
xniyzzrrq
xniyzzrrq
utczp
gdjoqvyhfcurjplxxuss
axb
mhfti
rngcubogpecddmouhaf
nzvqxqtqcbeviiew
nzvqxqtqcbeviiew
nzvqxqtqcbeviiew
nzvqxqtqcbeviiew
nzvqxqtqcbeviiew
nzvqxqtqcbeviiew
pob
ssjoorxdx
lujdhlk
lx
lx
teyevegbfty
teyevegbfty
xcutbp
ncnjumfniryr
nx
kzpwiau
kzpwiau
xcutbp
teyevegbfty
fxgtkglttyl
fxgtkglttyl
fxgtkglttyl
fxgtkglttyl
teyevegbfty
teyevegbfty
lx
loddexbwwhc
b
umbungxgfxsm
umbungxgfxsm
umbungxgfxsm
b
spaytuv
spaytuv
shbgmm
spaytuv
bna
dnmxu
unvmrjlijrbbfutyu
mfrrgsfolhlesgelgp
jlbmqyywgt
jlbmqyywgt
jlbmqyywgt
aaqpe
aaqpe
aaqpe
incfjujmfxnedrqio
incfjujmfxnedrqio
qdklrlacbewktis
dzfxrnxcir
foymiigddyc
foymiigddyc
unvmrjlijrbbfutyu
unvmrjlijrbbfutyu
unvmrjlijrbbfutyu
ejozeurjhcpfcdojvp
kscprxtpv
kscprxtpv
sqhd
sqhd
sqhd
vdowhnuvqogxbftzbn
vdowhnuvqogxbftzbn
bxerpmofz
bxerpmofz
bxerpmofz
bxerpmofz
aaqrtrwddglcki
aaqrtrwddglcki
aaqrtrwddglcki
aaqrtrwddglcki
aaqrtrwddglcki
hjwsynkzhfeqqg
wtjhgmgdi
wtjhgmgdi
zjmtlcpbwnxdbaspegxc
yrqkqregdbqtbiek
yrqkqregdbqtbiek
miyrtofuzfife
miyrtofuzfife
sv
vtvwdwgizz
vtvwdwgizz
lhefnuyyd
lhefnuyyd
lhefnuyyd
lhefnuyyd
lhefnuyyd
zvdqvvgapwwzp
svvjpmcgmalyee
l
ttac
cmqji
zgbjprizxouz
dzweyhsefhjfhci
dzweyhsefhjfhci
dzweyhsefhjfhci
bvf
zgbjprizxouz
zgbjprizxouz
ephyyemzmvg
inmwofbzcezsj
inmwofbzcezsj
inmwofbzcezsj
inmwofbzcezsj
oaqdxgpshyldokk
hxpk
ephyyemzmvg
gljillbrtbinfipxcsz
gljillbrtbinfipxcsz
ephyyemzmvg
zqbhahhatpeoeyktext
zqbhahhatpeoeyktext
mpdtngqo
pqxlfmxnpd
fxaaocshzxrsastgcype
wukw
auwlpzjbbpfc
auwlpzjbbpfc
auwlpzjbbpfc
auwlpzjbbpfc
auwlpzjbbpfc
wukw
xbcsldqdcd
iiyudaa
xbcsldqdcd
ifksihlxhletqgpqil
lbydcuyfatlbazsyqzu
lbydcuyfatlbazsyqzu
z
h
h
h
pfruamdkl
soqonkpvxn
soqonkpvxn
soqonkpvxn
qesthzohfjjkbqfcnrlj
icahransfxzdpj
clwqbwzddtgiixyznqc
xbcsldqdcd
wukw
jixyasjrruu
jixyasjrruu
xfdithro
xq
xfdithro
xfdithro
swosudqqaag
gtvbecohehan
fsfqgwxxxueiwixluxs
gthvnoeblgvlcbozcpf
fsfqgwxxxueiwixluxs
mncmlehdqmkefab
uznempykjsdyxrxxsv
uznempykjsdyxrxxsv
oojkducusntpo
jwsltprzbdelndimfhdx
dsnivzf
dsnivzf
uihzmps
uihzmps
rnqv
rnqv
dzbbv
dzbbv
yeuc
yeuc
oojkducusntpo
t
btzz
btzz
ofzopxdrq
ofzopxdrq
t
t
ogleshfpyrfkvbg
kpgikesrdqamuwatfzol
mncmlehdqmkefab
fsfqgwxxxueiwixluxs
ukyavsiqkq
ukyavsiqkq
ukyavsiqkq
anyuxjolbblqlpubmdc
yvrpukyihvrjsh
qvovjpraon
qvovjpraon
qvovjpraon
dwtfppk
qvovjpraon
xqva
vw
tjzlxbaf
jkxcgepetasrufenwhy
vw
vw
vdkvkuhbvdaceixndz
vw
vw
vw
ukyavsiqkq
pglwts
aygoajuszl
aygoajuszl
soatnrtliqfwyanoqmk
aygoajuszl
aygoajuszl
vu
yj
yj
evlvskkuaymfhiobb
evlvskkuaymfhiobb
lpzexldljgrdn
ik
lpzexldljgrdn
gfzqlqvao
gircritbemiobdkez
pwvtncuynddr
pwvtncuynddr
zmvyelxdbidxff
zmvyelxdbidxff
zmvyelxdbidxff
zmvyelxdbidxff
gircritbemiobdkez
gircritbemiobdkez
gircritbemiobdkez
ietcuqfqzgwprhxfuk
wslpjsgabwoqdmy
iwvpcifsk
iwvpcifsk
tnhenfxcxeyciojmdfn
uqpbfjuplxhrizsmnsn
bkjnopomr
dfjq
vjhgxyhfrj
vjhgxyhfrj
c
c
otdkimtsbfefejefsj
otdkimtsbfefejefsj
hksfixf
kcxergcrzozuytye
kcxergcrzozuytye
arwusrqhyzubr
arwusrqhyzubr
arwusrqhyzubr
yqlrcfy
yqlrcfy
lvfzkhqaersmlegdio
wfgkjn
lvfzkhqaersmlegdio
yqlrcfy
ysszbjnyoig
ysszbjnyoig
yqlrcfy
vllidhmeupgkrocik
otdkimtsbfefejefsj
ucirnes
lbkxaendqwokv
lbkxaendqwokv
unfehsaaytcca
unfehsaaytcca
rigvaay
rigvaay
rigvaay
uewgc
uewgc
fqxaqt
fqxaqt
umdndsmqbgpn
hr
zepgcbzgxxciixr
lygrfyrnsy
voidn
voidn
lygrfyrnsy
tcoxh
tcoxh
ubosfrcmllwffsknlsx
dcmmsjoovlset
avefmvnwjoqkhnqiadmm
avefmvnwjoqkhnqiadmm
xkoopnkyoziph
byiuobsjfsfuuag
byiuobsjfsfuuag
xzfiqptgbrnifxex
xzfiqptgbrnifxex
utyuydgqaprrmymfg
emoqhmcnjzfgdahnsu
gnwpcdxkxxhbkdgjin
odeixrrru
gnwpcdxkxxhbkdgjin
znl
cdbs
fluz
ncnbbjdq
rsc
rsc
rsc
rsc
yupwhmvylv
gzwiftuwame
zedvovnrplqrffxxypr
laygecmthlexnmca
yupwhmvylv
tcaqhmmwpa
cflzuckrzappvttauan
cflzuckrzappvttauan
cflzuckrzappvttauan
eqkdysayqthladsamo
sguxnjtlpsbgroi
sguxnjtlpsbgroi
xrzw
tcaqhmmwpa
ncnbbjdq
czuoishehraifzxveb
mqqeohu
ncnbbjdq
psxghxsoe
psxghxsoe
jznu
jznu
jznu
puuuxnusoqbxw
lxxyozofpfihwi
lxxyozofpfihwi
nognscdgelmuyor
fmkkpjrhfb
fmkkpjrhfb
sbirxetqwcuasnw
sbirxetqwcuasnw
sbirxetqwcuasnw
sbirxetqwcuasnw
sbirxetqwcuasnw
sbirxetqwcuasnw
sbirxetqwcuasnw
yaldohmysafvqvnzii
yaldohmysafvqvnzii
yaldohmysafvqvnzii
yaldohmysafvqvnzii
yaldohmysafvqvnzii
opxzgbrbpyogiazz
opxzgbrbpyogiazz
nognscdgelmuyor
vqsjqmcgylfmajkotq
ll
xewtagt
tydmbpwcdyhbttds
ll
vqsjqmcgylfmajkotq
eyewvaptcthwryeo
rq
bgdqiscuw
osezxdeztebgpnzbxve
dc
mjdyr
ihhgcv
qnxdfdffshufvvt
z
z
bectcrbad
ihhgcv
ihhgcv
sbycnvkd
sbycnvkd
sbycnvkd
zf
owsvfhxp
x
x
adgebrc
qf
otenrqstjomvio
otenrqstjomvio
otenrqstjomvio
otenrqstjomvio
otenrqstjomvio
qf
nhopdvpqzcn
omsyo
omsyo
jopvpqrqwyhenelzhpu
jlzwlxvcxfkjtgpb
jlzwlxvcxfkjtgpb
jlzwlxvcxfkjtgpb
jlzwlxvcxfkjtgpb
jlzwlxvcxfkjtgpb
wdhwjfzfdpczprywl
j
j
j
uko
l
wkxvossw
thstrzyg
zdqwgispwezhnu
ehglcer
sqqnvsgxvkkowru
ehay
ehay
mqgyburf
gqxtt
gqxtt
gqxtt
gqxtt
bdwyckgehurlzbwuhp
maivvdz
maivvdz
bdwyckgehurlzbwuhp
bdwyckgehurlzbwuhp
gqxtt
gqxtt
gqxtt
gqxtt
gqxtt
tcjfikwgfdyuv
tcjfikwgfdyuv
fvsuzrjv
fvsuzrjv
nrnpmkngtlkovgwi
tnltrnjjohllwhgj
nrnpmkngtlkovgwi
nrnpmkngtlkovgwi
tcjfikwgfdyuv
tcjfikwgfdyuv
egempl
egempl
oswejumubbhqjqrg
gqxtt
chzwpxnlryralh
fcmpzmtzhkyzykpq
tzrqmkxxwsipmq
iijqjwudljjkj
iijqjwudljjkj
ortjhqn
tzrqmkxxwsipmq
fcmpzmtzhkyzykpq
fcmpzmtzhkyzykpq
fcmpzmtzhkyzykpq
nhtyujbwgasonfqr
nhtyujbwgasonfqr
tzdnstaef
gnrccpdanqs
dzyrgvaaqxega
vndktbroecejuvlxlzn
trvfvpokhcqmbvxohvf
trvfvpokhcqmbvxohvf
yquiqfde
yquiqfde
wdfskr
jlxycfbtz
wdfskr
ldt
fmovjeczdhkjuoxagd
fmovjeczdhkjuoxagd
lvtmdt
zroyiugevvwdhp
zroyiugevvwdhp
mezmjix
mezmjix
ggpelzlyyxtlytxng
ejl
ejl
awmn
awmn
ejl
xxhxipsgtv
xxhxipsgtv
xxhxipsgtv
vtbr
ckzl
ckzl
bbkeiitycsohhzmu
pdwbyrjuiakeikl
gnprtvtfovngtpkocmt
zbsej
kyern
kyern
kyern
gnprtvtfovngtpkocmt
gnprtvtfovngtpkocmt
pdwbyrjuiakeikl
pdwbyrjuiakeikl
pdwbyrjuiakeikl
ttvlvdytvchoddlnmqz
vnfjkzxbsgxengfbdc
muex
muex
muex
vv
vtbr
yiweivhibjtjuhsw
cabltxhoebtph
xxhxipsgtv
xxhxipsgtv
xxhxipsgtv
xxhxipsgtv
ggpelzlyyxtlytxng
ggpelzlyyxtlytxng
cenpkyowyolnuoecobnv
gfodzkozjruaspqvcqu
pzc
shm
shm
