yrbtultpnxbcj
rhieqggrivouwfn
yrbtultpnxbcj
fqxzjz
yrbtultpnxbcj
zesomkxhaiafmvkbj
zesomkxhaiafmvkbj
q
q
zesomkxhaiafmvkbj
zesomkxhaiafmvkbj
wnpkdr
wnpkdr
wnpkdr
jmwisy
jmwisy
fwsjf
fwsjf
dwpi
dwpi
dwpi
dwpi
rshjqn
fwsjf
oyplxenffmfdzdioju
oyplxenffmfdzdioju
nozmojnhigippjemzzz
nozmojnhigippjemzzz
wnpkdr
spvwdnv
ac
sojleqhpygshcvxwwl
sojleqhpygshcvxwwl
sojleqhpygshcvxwwl
sojleqhpygshcvxwwl
spvwdnv
kgxohvhtuvcjmmwvh
dqixlsifcokfr
xbhqjomxrbhjqxvdas
dqixlsifcokfr
klcjqon
klcjqon
yquevhvuzcvfm
susmaddqkwgfir
sfhovhctwnhuuveprri
yquevhvuzcvfm
yquevhvuzcvfm
xry
wwpejxibdknpo
xuszyybdrdvzdbexsgl
krlvvssmamb
qgaaitmxpmfins
pcqwvsqfbeutd
pcqwvsqfbeutd
jbew
jbew
jbew
jbew
dpzjpkibcbbmzbi
uuve
u
wsnmlui
ttsqhwkbbm
ttsqhwkbbm
jtxkkvxcxjowr
jtxkkvxcxjowr
jtxkkvxcxjowr
krlvvssmamb
ucset
eovuxvuplok
eovuxvuplok
wd
krlvvssmamb
krlvvssmamb
krlvvssmamb
krlvvssmamb
krlvvssmamb
lwzldrouylq
lwzldrouylq
cy
pavebvdujgsulahkp
pavebvdujgsulahkp
pkpb
thqrzsphbnumgr
thqrzsphbnumgr
mszizfwbonxplcyq
gaxd
nykbyumepubrxuo
nykbyumepubrxuo
avbrawmihzsnfhrafbq
tmpqzqtsvnvwjmgvhues
tmpqzqtsvnvwjmgvhues
tmpqzqtsvnvwjmgvhues
dgvwiouzuqdeb
cftaftuwtgxavem
tmatxbu
tmatxbu
wjtfruvzwbhlzbveby
grvnacxwlo
grvnacxwlo
xifdjqshlqaueglq
tefcqtmlilwztbscfh
on
on
tefcqtmlilwztbscfh
tefcqtmlilwztbscfh
tefcqtmlilwztbscfh
tefcqtmlilwztbscfh
tefcqtmlilwztbscfh
bzleygeguujmkyy
xfcanwpofl
cdxqhceqldfavgqlvitu
xfcanwpofl
xfcanwpofl
zcrt
ijwhsmg
grvnacxwlo
grvnacxwlo
gfxphpfckjdbfbximee
ojgx
ojgx
ly
ly
ly
hna
cdpzggtl
hcipzop
pftgytkfnt
igoa
igoa
bfutsyov
kufdeca
kufdeca
ucdxssamgc
ucdxssamgc
daskq
nb
raawtbccurpzpumc
bfutsyov
figamblzxycvevlu
rvcohldavkjiykhccm
zrnwwvxdckgnc
gmpyqlpz
rvcohldavkjiykhccm
obajuldlwr
obajuldlwr
sp
hcipzop
hcipzop
hcipzop
zxcdxewc
zxcdxewc
zxcdxewc
zxcdxewc
hatzttiylactadtninw
hatzttiylactadtninw
xaajnagfevs
tmatxbu
tmatxbu
tmatxbu
tmatxbu
tmatxbu
tmatxbu
tmatxbu
zbnizxxjx
dgvwiouzuqdeb
dgvwiouzuqdeb
dgvwiouzuqdeb
k
k
tmpqzqtsvnvwjmgvhues
tmpqzqtsvnvwjmgvhues
tmpqzqtsvnvwjmgvhues
tmpqzqtsvnvwjmgvhues
ozmxtjtvossyqpvotk
xznppfwie
xznppfwie
avbrawmihzsnfhrafbq
ks
ks
ks
ks
esfqjbji
ks
teqfvsyrww
teqfvsyrww
teqfvsyrww
cusleiacqxjipdtil
cusleiacqxjipdtil
cektfrdmowh
cektfrdmowh
cektfrdmowh
tcgromekrinqbgvgl
tcgromekrinqbgvgl
cektfrdmowh
jjtl
jjtl
cektfrdmowh
dseffycthmlpc
ipwom
slfszfqivgkaflgkctvb
fnurnwyhevsoqzmtv
slfszfqivgkaflgkctvb
slfszfqivgkaflgkctvb
slfszfqivgkaflgkctvb
jbslxlpo
slfszfqivgkaflgkctvb
nlvtq
cektfrdmowh
cektfrdmowh
chwszhvcdooejlc
vvz
vvz
vyhxsjmhoqoyo
vvz
vvz
czf
czf
czf
exalbwp
czf
zfiayfvo
kqbhisdx
kqbhisdx
kqbhisdx
l
mt
jxqdussoegpwprf
hkhbhphtjky
avjaupv
avjaupv
avjaupv
kxxdmz
plkhfpnlpflznd
plkhfpnlpflznd
wwxby
jjtthzhpowrylzzyvna
jjtthzhpowrylzzyvna
p
mayfpniwa
gssfwveuxasvkmpxzvzo
gssfwveuxasvkmpxzvzo
mayfpniwa
m
zxvk
zxvk
zxvk
zxvk
iwnuqztlhklubmjmqim
pzyvewmvqmsoi
mayfpniwa
jizuq
jizuq
izwmncrcabvmqwafvm
izwmncrcabvmqwafvm
p
pkysokvzzhdpmvn
uedk
klsrnj
klsrnj
klsrnj
klsrnj
klsrnj
klsrnj
uedk
wztbdjrbazxotgfqvyqp
syvutvhvmiycoys
afmkax
afmkax
fai
syvutvhvmiycoys
mbzqsjhrllovoyubx
mbzqsjhrllovoyubx
mbzqsjhrllovoyubx
mbzqsjhrllovoyubx
inoeebsc
rhnixrhwod
omodfaszwzguz
nemypcbfe
nemypcbfe
nemypcbfe
yh
xjg
qoskjdxwhimeuwx
qoskjdxwhimeuwx
qoskjdxwhimeuwx
qoskjdxwhimeuwx
vnubpudibptdslaagx
ogrltulberiywi
ddkdhpyleypylevv
ogrltulberiywi
vnubpudibptdslaagx
vnubpudibptdslaagx
yfgdcbkdg
nmlsne
siyfa
yjokqactf
yjokqactf
rufi
rufi
pppjczyxeaiqanaz
zznmnnxwraiieicsc
zznmnnxwraiieicsc
kiatsri
kiatsri
zznmnnxwraiieicsc
zznmnnxwraiieicsc
zznmnnxwraiieicsc
zznmnnxwraiieicsc
bktehykevhacvdflm
mijvfxdvdydmvk
ft
ft
ft
ft
cjvp
cjvp
ft
ft
fwyhdjvi
pxcndmwh
pxcndmwh
njlewro
rufi
jkulodeuluepkslyiuzy
rwxz
iyuus
iyuus
ug
ug
fe
avefsuqiknyedqtxyekp
avefsuqiknyedqtxyekp
ug
ug
vbrppgpyvixlsxh
lzwcihwcue
ug
ug
ejcixxppqgvu
sgrslryxfqgr
nwkyfymgrfmz
ohjb
ohjb
ohjb
ohjb
