qnkypnxnnp
ujpcm
ujpcm
iqquhuwqhdswxxr
iqquhuwqhdswxxr
wunfag
eesrvn
epigpbz
eesrvn
fskcwbqo
fskcwbqo
fskcwbqo
dcza
fskcwbqo
eesrvn
eesrvn
eesrvn
eesrvn
pprswkdkobdagwdwx
dfqj
ttslildlrkjo
ttslildlrkjo
ttslildlrkjo
ttslildlrkjo
pprswkdkobdagwdwx
abzbr
xeezjxo
etyhtrwxkbosccskxbu
avnpxzo
etyhtrwxkbosccskxbu
