s
s
s
jevzb
ojshcdypnvb
ojshcdypnvb
ojshcdypnvb
fbkewmuneoqhjmbpdtwn
fbkewmuneoqhjmbpdtwn
ksvjcvhdecxwwmo
ksvjcvhdecxwwmo
jpkfafqlboxosnjgzgdr
jpkfafqlboxosnjgzgdr
zdltthemeusxhi
zdltthemeusxhi
rdrugab
rdrugab
rdrugab
rdrugab
yvlwrptebkj
grkhlicfadco
grkhlicfadco
grkhlicfadco
grkhlicfadco
grkhlicfadco
grkhlicfadco
tlfvcjlilcemz
aeqqojypxj
aeqqojypxj
aeqqojypxj
dzxbtk
ivinpidpfjhva
bqjvdehkevsnt
rkpmg
suxmaix
gvl
fneaije
kabpwnrzejfdopd
kabpwnrzejfdopd
jeochbdfqbvcoyvf
kdkjbfqflivigiwzt
ojtjkoaqiehkjmat
ojtjkoaqiehkjmat
gkju
oiijv
nenikrlizwkhktdxtq
nenikrlizwkhktdxtq
nenikrlizwkhktdxtq
nenikrlizwkhktdxtq
nenikrlizwkhktdxtq
nenikrlizwkhktdxtq
nenikrlizwkhktdxtq
nzpghkvjcosvfn
nzpghkvjcosvfn
nzpghkvjcosvfn
nzpghkvjcosvfn
piiylotxanmkcljvy
piiylotxanmkcljvy
ok
fxpgyorkufsaaciqg
gwjdilcorkrzpue
lcgnzksusraupty
st
st
rwrroqfnzpvwocuaggxc
rwrroqfnzpvwocuaggxc
ygjduhwaggcwzidp
nat
oubmiafjbzx
oubmiafjbzx
oubmiafjbzx
kxzxfdcx
xiy
hgxe
svievrooopkwnvxqaz
svievrooopkwnvxqaz
opybqyb
zufdlrzge
zufdlrzge
ifpyiehmcgr
ifpyiehmcgr
ifpyiehmcgr
ifpyiehmcgr
ifpyiehmcgr
pym
xgtga
xgtga
idbatjujgdcs
owfcmhp
jmxyafnxnf
swfm
kyltm
qbd
qbd
efpkbyibzeqf
dhnyvqtunonrxjn
dhnyvqtunonrxjn
ovpqn
yaeqvyp
yaeqvyp
yaeqvyp
ocwgraidgdl
txclalk
otnpgrvzqrgj
otnpgrvzqrgj
k
ucrejbrlpn
qjnyvegkvpeatdz
mwxgvhhcfgrzinrodti
qmxeamu
cvlhm
cvlhm
cvlhm
cvlhm
gqgnilltztieaipf
gqgnilltztieaipf
gqgnilltztieaipf
gqgnilltztieaipf
hxxibaqmqhmbkaimrk
hxxibaqmqhmbkaimrk
hxxibaqmqhmbkaimrk
uygoln
uygoln
vpyhoflqtfr
ozip
ozip
dnygmb
dnygmb
lhinlogmtfnrqnxo
qxqxxtxgpzkkbxmkuh
qxqxxtxgpzkkbxmkuh
jnrftojtrfyupnvuo
jnrftojtrfyupnvuo
jbkxptgqcyxdcvaajm
jbkxptgqcyxdcvaajm
isvhqs
isvhqs
isvhqs
tilnagluptrwdgtcd
qmqvydz
nxjdxgfh
nxjdxgfh
nxjdxgfh
nxjdxgfh
nxjdxgfh
nxjdxgfh
tiynspkwgtnxsxjr
mhngyu
mhngyu
powhf
arkaxawrpxyzosglxxl
arkaxawrpxyzosglxxl
wnlzfjdl
fudmywwpjtlkxmoirw
puegircdowkusey
puegircdowkusey
ihrylizmakzwcdh
nuwcjkdgpoyn
gpzhmmovfuradzempdw
gpzhmmovfuradzempdw
gpzhmmovfuradzempdw
gpzhmmovfuradzempdw
gpzhmmovfuradzempdw
ppvvlj
ppvvlj
ppvvlj
ppvvlj
rqyxrlhtezgph
nztoxsejno
nztoxsejno
nztoxsejno
nztoxsejno
nztoxsejno
nztoxsejno
sybtyafrqtleckzuxd
uwi
sowijqphem
rmmaqhczctldsryayg
rmmaqhczctldsryayg
rmmaqhczctldsryayg
napsumxpzlllvjjfoam
tilacvkec
tilacvkec
ftnb
rjtqckytlhdzz
rjtqckytlhdzz
gesmfuc
kwxkxc
tltudz
tltudz
tltudz
cerjopfq
cerjopfq
baxdnnbxtaosqrgj
baxdnnbxtaosqrgj
frmaxzjqcpqmqhms
frmaxzjqcpqmqhms
frmaxzjqcpqmqhms
frmaxzjqcpqmqhms
sve
sve
nfp
jcjnoyvyrcjunqyag
jcjnoyvyrcjunqyag
ivhix
ivhix
ivhix
ivhix
cguqqyxtnouaryqcm
qjjrivbqw
bmq
ojtutt
ojtutt
ojtutt
rlicjrqssaapow
ifxqmsvxq
ifxqmsvxq
wdadearle
wdadearle
gjisnxeprdyqqd
gjisnxeprdyqqd
oaglk
oaglk
gazczvznyzrvhxetf
gazczvznyzrvhxetf
gazczvznyzrvhxetf
xqpi
xqpi
plkpgezvdhwvuzk
nshgwpfsln
nshgwpfsln
nshgwpfsln
nshgwpfsln
nshgwpfsln
nshgwpfsln
ptaqylibhz
ptaqylibhz
ptaqylibhz
ptaqylibhz
ptaqylibhz
ptaqylibhz
ptaqylibhz
ptaqylibhz
ptaqylibhz
zuszpacxukbzwopdr
zuszpacxukbzwopdr
oirjw
tqukzajlujj
rrwpoceg
t
t
cgbqfvbrnhhsbepdy
cgbqfvbrnhhsbepdy
xisfco
qf
qf
qf
qf
qf
yzflp
bqehrmybevnq
bqehrmybevnq
vdnzunubuepbcsjbpcy
vdnzunubuepbcsjbpcy
tq
ewa
dboyskolrvdfoirk
wgypybchbmwtbeaol
shtaqswmquc
shtaqswmquc
qqjssebslricsvmw
peugvsbipcsmym
peugvsbipcsmym
peugvsbipcsmym
peugvsbipcsmym
dzcbxzdexjuhktdtcoi
xakrtdfoivkvo
xakrtdfoivkvo
xakrtdfoivkvo
emiidad
dnakxkbzr
wwxtqxvfpxcwitlj
ldgsjytmekimkkndjvnz
ldgsjytmekimkkndjvnz
ldgsjytmekimkkndjvnz
ruraetglthgour
ruraetglthgour
ruraetglthgour
ruraetglthgour
ruraetglthgour
thulxarzhizeioepwbiz
ywdfchidwcstlbocfz
ywdfchidwcstlbocfz
i
i
bkgqpooptxemxk
bkgqpooptxemxk
bkgqpooptxemxk
bkgqpooptxemxk
bokypciz
bokypciz
bokypciz
hnwpzukjybkkvrmmpu
kjyrcrkpkhtbfqpyvr
wfsqfstyfpraa
wfsqfstyfpraa
wfsqfstyfpraa
wfsqfstyfpraa
itqisz
yoork
yoork
yoork
yoork
yoork
yoork
yoork
przklkg
przklkg
fhvlcciztdidxpw
scigppt
gvqaiofzwnkpry
gvqaiofzwnkpry
wujgzcfg
u
u
u
u
u
u
mgdpfkdgqygsemvfitde
mgdpfkdgqygsemvfitde
pzveasvkjxgamxn
nwjei
ozgfzhoyhmkupvgurw
ozgfzhoyhmkupvgurw
ozgfzhoyhmkupvgurw
ozgfzhoyhmkupvgurw
oyqzhc
grpysh
oahkj
qy
qy
qy
zdvsmbsjcxxeu
zdvsmbsjcxxeu
fjlolrtqgwzqxs
fjlolrtqgwzqxs
fjlolrtqgwzqxs
fjlolrtqgwzqxs
uxttvt
xpphvmyydzp
xpphvmyydzp
xpphvmyydzp
coxbtjnsb
coxbtjnsb
rialowv
rialowv
jpx
ygq
ygq
vdzosuwot
vdzosuwot
cfuvxprtzisesh
cfuvxprtzisesh
glpotxvxaanpo
glpotxvxaanpo
bvqucftu
jeunodbipsumlaym
jeunodbipsumlaym
aqnrom
aqnrom
ncijhmlislunmaos
ncijhmlislunmaos
hjrgwsnbytsgtigomkng
lxlixg
nfnatofekrbxsf
nfnatofekrbxsf
onesfurjqfgbx
ns
rcfpxnlvdzvauuzvtx
rcfpxnlvdzvauuzvtx
rrwqilyubvj
jakmkuydglam
jakmkuydglam
jakmkuydglam
ucrwsycuuoivhywyic
ucrwsycuuoivhywyic
ycsdx
ycsdx
ur
ur
vrhpmcmodfsejoeetz
vrhpmcmodfsejoeetz
vrhpmcmodfsejoeetz
taeuijbtanr
jobtbkhkatmitbnxt
jobtbkhkatmitbnxt
jobtbkhkatmitbnxt
ttrjwiyklirg
wy
wy
wy
xjhvzhrlpkwfhsqzp
vvshsdmqy
mvew
gfmu
gfmu
gfmu
urfhbh
mocrouswmpyxfpxwwyx
mocrouswmpyxfpxwwyx
t
t
n
judlmxjlkwiaqeoju
judlmxjlkwiaqeoju
yqryuugbsdgni
ysjbouqncpflc
ysjbouqncpflc
jijlusun
jijlusun
jijlusun
jijlusun
jijlusun
jijlusun
nnnplrslnhthtnffdp
yehrwdtru
yehrwdtru
xapemdo
lxbwwfrida
r
pxmf
pxmf
pxmf
pxmf
pxmf
pxmf
pxmf
pxmf
uttjnqrfczea
nbzira
rjhbhf
rjhbhf
kgbcibxmsjrba
aimcojsr
aimcojsr
nkrjxbljmbsbzbdrhcz
qremmbntrqdmtiw
dmyqooklc
vripjxpmwurmhnidht
njxb
qi
aqjwfzhbo
aqjwfzhbo
aqjwfzhbo
ntdgojcgn
f
oiemphzcultdriaugjez
oiemphzcultdriaugjez
oiemphzcultdriaugjez
qruoititprqjytazbpd
ruectttptzaaasnfdkp
ruectttptzaaasnfdkp
drzimvlmhzlmohguk
drzimvlmhzlmohguk
xqkbxsv
xqkbxsv
zttdqmpzinbd
zttdqmpzinbd
llxpfrpopwciejjjzad
llxpfrpopwciejjjzad
llxpfrpopwciejjjzad
llxpfrpopwciejjjzad
rnnhvixgueuku
rnnhvixgueuku
ghx
rskswiotga
yggjuoympuxyfa
yggjuoympuxyfa
guxmxabb
bftmaogiuosa
bftmaogiuosa
vwypoxttmzzsgmycvdbk
datppvtxh
datppvtxh
datppvtxh
ge
ge
ge
xzkmzctvkvp
zegbvsaugicbnlb
zegbvsaugicbnlb
zegbvsaugicbnlb
zegbvsaugicbnlb
iolcfn
cyhodprnopallydg
rhfzrjxsedimvmjclpe
rquuqayaxdksyshnd
szpptcqzvauezgelw
exvbmmq
ismkybrfpzh
pchusetjrcnxnqgr
wxoqiykbtuih
ctzrydyesxcczehoakzz
lnqvzdlqwzs
lnqvzdlqwzs
tamrnwlbsmmgbmmq
tamrnwlbsmmgbmmq
tamrnwlbsmmgbmmq
lxjif
djspzgzyaztmoa
djspzgzyaztmoa
djspzgzyaztmoa
djspzgzyaztmoa
ma
gjnqvugbp
gjnqvugbp
gjnqvugbp
gjnqvugbp
gjnqvugbp
gjnqvugbp
gjnqvugbp
pevepumugtfgyfmyte
bs
bs
bs
osr
nbwkbaaqi
fnx
fnx
zqtapqpcbdazbitbkvcj
qmiehzeg
dopiqiuigcgqzkq
dopiqiuigcgqzkq
dopiqiuigcgqzkq
dopiqiuigcgqzkq
qs
rg
apn
apn
apn
wsgoiwbr
bs
dvnegdosulvxi
dvnegdosulvxi
xopnrwwxmvgogntqie
xopnrwwxmvgogntqie
lwwygxbruwrgcsbmtdon
h
lyujahjvzadyovgpe
lyujahjvzadyovgpe
az
az
flaq
flaq
flaq
flaq
cdrzh
sym
sym
bjgh
xkgg
ubhrbeoiybidutrqamsd
ubhrbeoiybidutrqamsd
ubhrbeoiybidutrqamsd
rrbmc
ssqcortmqoqt
ssqcortmqoqt
ssqcortmqoqt
ssqcortmqoqt
ssqcortmqoqt
ssqcortmqoqt
ssqcortmqoqt
dqsilvlplhgqazauyvn
ptte
ptte
ptte
ptte
sjche
sjche
sjche
bgdrzjxbf
bgdrzjxbf
meq
meq
swgfbkhfyg
swgfbkhfyg
swgfbkhfyg
swgfbkhfyg
swgfbkhfyg
ugjfhdbq
uajfvvffkwprro
ixmdbzonmre
ixmdbzonmre
ixmdbzonmre
ixmdbzonmre
flciwsbafrdqfvdfoj
msx
wsciocflkf
wsciocflkf
ylozedwtpvklbxsywcis
olbrgfltdykhcchurrjj
olbrgfltdykhcchurrjj
mkksjzx
mlgst
mlgst
ewwubpbufomial
eyjvojcdflrezw
txpbvkqmravdt
txpbvkqmravdt
qoewstb
qoewstb
qoewstb
lagm
lagm
jusylfyvwjb
jusylfyvwjb
jusylfyvwjb
qopczt
xhmalimjqk
qrhuepx
yenihuvoxz
yenihuvoxz
xl
xl
xl
xl
xl
jwwkqvdfb
ch
csgwpiif
csgwpiif
csgwpiif
blh
ryyhrsmkem
ryyhrsmkem
ryyhrsmkem
ozcvvwlhahdpuzlolxdj
ozcvvwlhahdpuzlolxdj
foex
foex
foex
foex
foex
foex
foex
foex
hmiteycflhucwljdqnrn
hmiteycflhucwljdqnrn
zwiadfgumier
ivfblcqgo
lbf
hgviwz
zwauhyqgeqfmdkfitd
tamubwyokgdygukwbsm
muxjl
vjxukvf
uconchsvjancefywu
uconchsvjancefywu
uconchsvjancefywu
uconchsvjancefywu
oj
oj
oj
cwzme
saqpmkzcbaxev
yglxgvzbuzck
yglxgvzbuzck
yglxgvzbuzck
nml
nml
gmjfvvhvcvyvuylhr
yhnjihsrrrxvjd
yhnjihsrrrxvjd
swzdd
clz
omhlonzvkxxtijgjyoxc
omhlonzvkxxtijgjyoxc
mmagsxk
bvzguorgzes
nhafyiplpykm
lkvhasihedtx
lkvhasihedtx
sqvodrdzreq
oxkqsxkelpgphx
oxkqsxkelpgphx
zratzvzcdusbhbjup
qo
qo
qchidvtegqjo
qchidvtegqjo
prdrxtmpfofffroopcu
vjo
zgonraletdgxmcumfwta
zgonraletdgxmcumfwta
uqbpsjujs
uhvyxfpndfus
tzznevcbeuflagph
tzznevcbeuflagph
nskm
nskm
koqdaimip
vqrplzuezlhsevfpglls
vqrplzuezlhsevfpglls
vqrplzuezlhsevfpglls
xpqalmsvgcaxcjqsutxy
unrkubtejoisi
tpvzatzgn
tpvzatzgn
tpvzatzgn
pzmbcjmdrosmxlqyomk
pzmbcjmdrosmxlqyomk
gqeycrwdroxzpcszjea
gqeycrwdroxzpcszjea
gqeycrwdroxzpcszjea
gqeycrwdroxzpcszjea
gqeycrwdroxzpcszjea
ujxhfrk
rpfpzgjdbpboew
owmgtmqthkted
cuzhbvjchxksljygmqrd
cuzhbvjchxksljygmqrd
cuzhbvjchxksljygmqrd
cuzhbvjchxksljygmqrd
cuzhbvjchxksljygmqrd
jhpmqnlkt
jhpmqnlkt
jhpmqnlkt
cv
cv
mhfbrg
wxrzrzrph
pmhewwlsvqrvajxqhxob
pmhewwlsvqrvajxqhxob
pmhewwlsvqrvajxqhxob
pmhewwlsvqrvajxqhxob
pmhewwlsvqrvajxqhxob
jxhefggx
jxhefggx
hhj
hhj
pmtrncmzngwxw
pmtrncmzngwxw
pmtrncmzngwxw
pmtrncmzngwxw
pmtrncmzngwxw
pmtrncmzngwxw
pmtrncmzngwxw
xtkwohsonitgfstro
nnjdwlrewmamhutn
nnjdwlrewmamhutn
nnjdwlrewmamhutn
txjmlexxsgadn
txjmlexxsgadn
txjmlexxsgadn
txjmlexxsgadn
txjmlexxsgadn
txjmlexxsgadn
raixddu
zqslrfrjjmjueclkjk
zqslrfrjjmjueclkjk
zqslrfrjjmjueclkjk
gse
gse
zgq
ndmjvckbybqgbwmujm
vucrtthcyzgvg
vucrtthcyzgvg
vucrtthcyzgvg
px
px
px
px
wzq
brcbelbaas
brcbelbaas
brcbelbaas
brcbelbaas
brcbelbaas
brcbelbaas
brcbelbaas
jiasvsquutgfhtt
jiasvsquutgfhtt
jiasvsquutgfhtt
jiasvsquutgfhtt
u
hmnpzndsv
gtsr
zgkuvpvojpaxcyswws
qliirblvbh
msvqcadryawi
sopi
uk
uk
uk
uk
iwvyziz
iwvyziz
jhjqlmdv
znwhcckrdcyatxedxa
yywimdbljcbauc
brud
brud
brud
brud
brud
brud
pxfbmazhhvmpknocl
pxfbmazhhvmpknocl
bxjptnejbgrckhdi
mxlnhfsshryrtsbgu
ckhiswc
ckhiswc
ckhiswc
qmekhnsl
bkufcbgzjebbqb
bkufcbgzjebbqb
bkufcbgzjebbqb
bkufcbgzjebbqb
tokdktacthn
qhghwbytboz
wiuzgppobwrbz
qlwki
qlwki
qlwki
fdaoetvkrzxw
fdaoetvkrzxw
fdaoetvkrzxw
bhhyulzrlpoxhd
bhhyulzrlpoxhd
bhhyulzrlpoxhd
bhhyulzrlpoxhd
bhhyulzrlpoxhd
zhoppplyzvxaarh
zhoppplyzvxaarh
dqaza
dqaza
dqaza
uauwopc
fpwhosixlsqyzkuhdkv
y
y
y
y
y
y
y
keafzcfsruig
rhpulajwctsjwaj
rhpulajwctsjwaj
rhpulajwctsjwaj
rhpulajwctsjwaj
rhpulajwctsjwaj
rhpulajwctsjwaj
wanmwsezythr
kstalxwqjyykneteiy
kstalxwqjyykneteiy
cbrxnkzzcmwxr
cbrxnkzzcmwxr
xup
xup
xup
xup
xup
xup
xup
pjynt
bmbifvku
bmbifvku
bmbifvku
nyzunvvuipheeeyyw
nyzunvvuipheeeyyw
gungblzieg
jbrimxve
atijcptiquqcxhbsvn
atijcptiquqcxhbsvn
atijcptiquqcxhbsvn
avkmlal
s
dfqmy
dfqmy
aergihqqwzciw
aergihqqwzciw
aergihqqwzciw
aergihqqwzciw
aergihqqwzciw
wspszopcohobhcb
xaiktmyhrur
akgmwenufcigwqccxoj
akgmwenufcigwqccxoj
akgmwenufcigwqccxoj
akgmwenufcigwqccxoj
akgmwenufcigwqccxoj
nean
jcejotmt
esfrn
esfrn
esfrn
txaurwdmcbeosl
txaurwdmcbeosl
rnjvszfq
uecnpxvfe
rkywdiaxkkxghypygyre
rkywdiaxkkxghypygyre
rkywdiaxkkxghypygyre
tvm
tvm
tvm
npsmqwgnzivvbwey
vsgjccsqsmpfzxtoq
vsgjccsqsmpfzxtoq
odyzvrknhgyb
odyzvrknhgyb
pzz
pzz
pzz
zrmjallxsayaugrsigw
zrmjallxsayaugrsigw
lsnfeqdgjlkkhlifnsau
xvocrvkdsvfnuaornzrf
xvocrvkdsvfnuaornzrf
xvocrvkdsvfnuaornzrf
xvocrvkdsvfnuaornzrf
nidpejglqtyu
nidpejglqtyu
nidpejglqtyu
nidpejglqtyu
nidpejglqtyu
nidpejglqtyu
nidpejglqtyu
wkegfcfr
pnyysjkjkubfjjy
ph
gftnac
gftnac
vhautmoxddd
vhautmoxddd
vhautmoxddd
wrbtmbpjv
wrbtmbpjv
wrbtmbpjv
wrbtmbpjv
wrbtmbpjv
wrbtmbpjv
wrbtmbpjv
dusuxzjjvvdfs
lemwazntwfywjn
lemwazntwfywjn
lemwazntwfywjn
lemwazntwfywjn
lemwazntwfywjn
lemwazntwfywjn
nfwctthcg
nfwctthcg
nfwctthcg
nfwctthcg
nfwctthcg
nfwctthcg
dfpddejhxfxcys
zuefo
hs
hs
lzvgsfp
lzvgsfp
u
wffquucvomlk
ilwdeweet
plde
rracu
a
a
citujs
msk
g
nvfaksxnhwfgtwftl
gjnccirxnehfyyzm
gjnccirxnehfyyzm
gjnccirxnehfyyzm
tdyhavhdesgqgjwqkfuf
tdyhavhdesgqgjwqkfuf
cokkq
cokkq
narxclntfiqeamteded
cdfihmvbbjpdmbpods
cdfihmvbbjpdmbpods
cdfihmvbbjpdmbpods
cdfihmvbbjpdmbpods
lregarwlflrxezcrfvmc
eyeygiiovpxegainwrph
eyeygiiovpxegainwrph
aaezr
aaezr
aaezr
aaezr
aaezr
zbvxcyhkqzfij
yap
yap
yap
yap
lwnvgplzkaarkiprdpfu
cgegwdfguycc
wmgrhq
fkkbb
yyjfahjes
qavimxesinsvqwwwl
qikrwyazvkoyten
y
y
x
ynjagqmw
ynjagqmw
ynjagqmw
ynjagqmw
f
f
f
f
cgbyrujlpclzen
cgbyrujlpclzen
cgbyrujlpclzen
cgbyrujlpclzen
cgbyrujlpclzen
cgbyrujlpclzen
cgbyrujlpclzen
cgbyrujlpclzen
ngzvhcmcxbsb
ngzvhcmcxbsb
ngzvhcmcxbsb
ngzvhcmcxbsb
ngzvhcmcxbsb
ngzvhcmcxbsb
z
z
z
syayezwfonckcpb
syayezwfonckcpb
syayezwfonckcpb
nymctvkb
nymctvkb
nymctvkb
mmubapzgfcfkp
thwokepclxyg
jjc
jjc
nzi
vq
vq
bvb
bvb
tvqmvxvpdltiqlaayf
tvqmvxvpdltiqlaayf
tvqmvxvpdltiqlaayf
tvqmvxvpdltiqlaayf
snyktjmcblhffhcme
snyktjmcblhffhcme
snyktjmcblhffhcme
snyktjmcblhffhcme
snyktjmcblhffhcme
sdgahhddghfdhb
jxjaniqb
jxjaniqb
jxjaniqb
jxjaniqb
jxjaniqb
pzmx
zvbbo
zvbbo
zvbbo
zvbbo
cqfoiyxacvnvzbccxspu
cqfoiyxacvnvzbccxspu
cqfoiyxacvnvzbccxspu
cqfoiyxacvnvzbccxspu
qwkizchaydol
qwkizchaydol
qwkizchaydol
kd
kd
vafyuv
mjyjsjbqabqdptmq
mjyjsjbqabqdptmq
mjyjsjbqabqdptmq
mjyjsjbqabqdptmq
sgcwjxnmsni
sgcwjxnmsni
wxrsqhrafednqiziimxk
wxrsqhrafednqiziimxk
txrzsucowvwhcxxdolc
oczikvhxgazfwduxqge
oczikvhxgazfwduxqge
anffe
e
e
e
uabjxkdram
qhhxqg
qhhxqg
qhhxqg
qhhxqg
hksj
kuzj
lnuslq
lnuslq
lnuslq
yqblycerj
yqblycerj
tboanzfqd
tboanzfqd
tboanzfqd
tboanzfqd
tboanzfqd
tboanzfqd
tboanzfqd
tsawfrnoszpvo
vuuswuyh
mibnl
ynuuiqyktqythdz
jmadjgkyvvynfgljif
o
o
o
isjsvhmriljf
isjsvhmriljf
isjsvhmriljf
isjsvhmriljf
isjsvhmriljf
orvymeghlxypxvgqjeyq
wkzx
ceulhzdvje
ceulhzdvje
sdarvssbkipvj
sdarvssbkipvj
sdarvssbkipvj
sdarvssbkipvj
sdarvssbkipvj
sdarvssbkipvj
bycnx
bycnx
bycnx
ysuemlhxsxj
def
vogwfshbuaf
walnsxrtjg
walnsxrtjg
walnsxrtjg
oitoprzvyhyxnxrcd
rvpsvbecbnnji
dobwozjswkwxymoqfu
ojhwlkqxvdmjssop
ojhwlkqxvdmjssop
ojhwlkqxvdmjssop
ojhwlkqxvdmjssop
mhqqcpkhkki
mhqqcpkhkki
mhqqcpkhkki
mhqqcpkhkki
wygcklolztbkiyevkd
wygcklolztbkiyevkd
trxa
rwfknlqbtopqakykivoa
miroeutvprpopcph
miroeutvprpopcph
fn
fn
fn
fn
fn
fn
zehu
xstiws
mu
mu
ipxtndi
ipxtndi
ubyybkxgbhjfujyr
lzdgpllccpopqtynp
pygfixwf
kbrzt
kbrzt
oyyktz
fanplqddrrdn
sgducvfaikkyspiksl
sgducvfaikkyspiksl
sgducvfaikkyspiksl
sgducvfaikkyspiksl
rg
rg
o
eidgbbfathq
eidgbbfathq
eidgbbfathq
eidgbbfathq
airslzlpgr
azcyblbkkavas
uqdurwnbhml
xsogak
xsogak
xsogak
seaqlkhemfsbeexdjmra
seaqlkhemfsbeexdjmra
seaqlkhemfsbeexdjmra
vsrzpwtdhmgqisihdxzf
vsrzpwtdhmgqisihdxzf
c
wtbhza
dodlav
dodlav
dodlav
vcauyzkhphrcpp
ai
ai
ai
ai
pcwdjkk
pcwdjkk
lpsuq
lpsuq
lpsuq
lpsuq
bchcutsghfi
bchcutsghfi
lczsogcptjuzlpqy
lczsogcptjuzlpqy
ksqejvg
ksqejvg
b
b
b
acgyntrdd
x
x
x
akqpcmtrlc
akqpcmtrlc
akqpcmtrlc
akqpcmtrlc
bumiwknnhio
bumiwknnhio
lyymfcoqxxnh
hnqpdotwarmlcnzpsemk
hnqpdotwarmlcnzpsemk
hnqpdotwarmlcnzpsemk
hnqpdotwarmlcnzpsemk
hnqpdotwarmlcnzpsemk
hnqpdotwarmlcnzpsemk
nqagvbkwlbcmxfpsy
nqagvbkwlbcmxfpsy
bekk
bekk
bekk
bekk
r
r
idkqbnglmwcqd
j
asxtudkmf
orhgykzuhg
orhgykzuhg
orhgykzuhg
orhgykzuhg
vmgwzbqgaszqqjxbva
vmgwzbqgaszqqjxbva
tfpbwxcegcnykukxzmp
mnbjjnwzewbcsn
mnbjjnwzewbcsn
mnbjjnwzewbcsn
mnbjjnwzewbcsn
mnbjjnwzewbcsn
mnbjjnwzewbcsn
hk
hk
akammdubmzvrbiikjhc
akammdubmzvrbiikjhc
akammdubmzvrbiikjhc
akammdubmzvrbiikjhc
hnftpsppulpdnz
hnftpsppulpdnz
hnftpsppulpdnz
hnftpsppulpdnz
hnftpsppulpdnz
hnftpsppulpdnz
wxwlwkfmehjw
wxwlwkfmehjw
mlmvzntxvxvkns
hblhbmnmqsxkzodk
nvel
nvel
zac
zac
kzxmrysmyfjvwqngoas
kzxmrysmyfjvwqngoas
op
kjkpsksm
kjkpsksm
tgxvqyd
sxovrd
sxovrd
blhauykjblmvlsfwaqeo
blhauykjblmvlsfwaqeo
eqqnzgtmolf
zuz
zuz
zuz
bklxukpmzmoyb
tsyqnfaqknvh
t
w
jlbipqomcskbmaypua
jlbipqomcskbmaypua
jlbipqomcskbmaypua
iezucyyjaxzzl
dlchulxvnturtgyvdov
wgmqwv
ir
ir
jnwsigjegazoqqiehcx
jjinkwskorygodxks
agt
qbgdaxt
croeeuylsfoahooaejdl
croeeuylsfoahooaejdl
bh
fplfys
fplfys
fplfys
fplfys
fplfys
sgofdik
odohsafit
odohsafit
xhtqrszmpafrtk
knrnzmococcqelol
knrnzmococcqelol
knrnzmococcqelol
xapyyzgtdltv
xapyyzgtdltv
xapyyzgtdltv
bkdoehlckqijzqp
qfe
ysgkxpjxkvekt
ysgkxpjxkvekt
ysgkxpjxkvekt
ysgkxpjxkvekt
grcc
debafuoifvmq
jhrbydyzykkuspvlw
oyebqyjktf
imizofcwfbavvizwf
oeukyipy
oeukyipy
avmbfpzrbqipctpvx
ftocuuxr
ftocuuxr
qcxwlsfbdmxxqfoot
h
danpxnvgoxjvmcpeosdo
ozxpnxcwgqtxyy
ozxpnxcwgqtxyy
quoao
quoao
quoao
jyyq
jyyq
jyyq
jyyq
jyyq
pejonkrapi
eqz
jzungvalsskjad
jzungvalsskjad
i
i
rqbenusxjwtaqxx
rqbenusxjwtaqxx
peodhb
td
td
ytegj
xlchbfybxacpiatwoxf
atmqpeodrvdwhrumf
atmqpeodrvdwhrumf
atmqpeodrvdwhrumf
uqfbbdlozdmqne
wqjmhmvdyrughyqg
jx
pklybdqzt
z
z
z
nuz
nuz
isumwfqz
crovowlfnokconlpxmnk
jdjeuvoclizcu
yjwqjygifsrurzriq
yjwqjygifsrurzriq
yjwqjygifsrurzriq
vbgcqukdy
vbgcqukdy
likj
likj
iyrbcvvo
xahjxxxgdzexq
xahjxxxgdzexq
xahjxxxgdzexq
rjfohvlru
pxignhyrpazmrvsoqveo
pxignhyrpazmrvsoqveo
oyznbzpouchxzuvcv
ikkibxaii
ikkibxaii
ikkibxaii
ikkibxaii
ikkibxaii
ikkibxaii
ikkibxaii
y
y
y
fc
cajqhipicqvigbd
mlcvevied
mlcvevied
mlcvevied
mlcvevied
mlcvevied
mlcvevied
mlcvevied
eilacalxezkaab
eilacalxezkaab
zrucperedfcg
zrucperedfcg
zrucperedfcg
zrucperedfcg
zrucperedfcg
amvs
her
hhocr
xqufawzilcfxksd
xqufawzilcfxksd
s
s
s
lilturghghcmeh
lilturghghcmeh
lxfatupveosxqmhedyco
lxfatupveosxqmhedyco
lxfatupveosxqmhedyco
lxfatupveosxqmhedyco
lxfatupveosxqmhedyco
lxfatupveosxqmhedyco
nubtoecglcadswgm
nubtoecglcadswgm
nubtoecglcadswgm
eycxsgituygskwmisbmd
lwfavndk
egfxbk
kftqbvdkfdomtlw
kftqbvdkfdomtlw
kftqbvdkfdomtlw
kftqbvdkfdomtlw
kftqbvdkfdomtlw
kftqbvdkfdomtlw
r
nqbdrmviehpmwwyakcix
wltjfmfysv
wltjfmfysv
psaap
ywwhlua
ywwhlua
utqulyupxh
qkiy
qkiy
zllewdmujzbwdxim
dmdmzflm
garxlwhryp
tahcymwokrn
tahcymwokrn
tahcymwokrn
tahcymwokrn
tahcymwokrn
tahcymwokrn
orjyfyq
orjyfyq
ulhgbrsmtcfuqz
gxhwiykxssno
lv
oljnutpnuyzfsbibs
zsbjbknuaxjtnmojznaw
dmrqaildqablsvnret
dmrqaildqablsvnret
loqhmzpcsvr
loqhmzpcsvr
urjeclxqkbtss
rwegq
rwegq
xrbyeci
xrbyeci
rreetuakeyhtk
rreetuakeyhtk
rreetuakeyhtk
rreetuakeyhtk
rreetuakeyhtk
kytqowhg
kytqowhg
ymqajkdwpcno
ymqajkdwpcno
zggm
zggm
zggm
txfadpdtln
akqackbiytmyqdmfdds
fvwnleqidjppvzxx
fvwnleqidjppvzxx
fvwnleqidjppvzxx
fvwnleqidjppvzxx
fvwnleqidjppvzxx
fvwnleqidjppvzxx
dtrobuiizwjelx
dtrobuiizwjelx
bdiazod
ddqesvjterfaypnev
ddqesvjterfaypnev
ddqesvjterfaypnev
estknyy
i
qczavzyjekm
s
xxumhptkvzbauzuzuymt
xxumhptkvzbauzuzuymt
xxumhptkvzbauzuzuymt
xxumhptkvzbauzuzuymt
xxumhptkvzbauzuzuymt
xxumhptkvzbauzuzuymt
xxumhptkvzbauzuzuymt
tzfor
tzfor
tzfor
tzfor
tzfor
tzfor
bjg
ebrfmdiwhrfeltcdy
fthvfarbhuw
fthvfarbhuw
rmfdypngiyw
tqfdhperrnvy
tqfdhperrnvy
zbnufeeykxuz
zbnufeeykxuz
benbgbkfljkt
benbgbkfljkt
benbgbkfljkt
benbgbkfljkt
rl
ugyxrwmttiduafagyn
ugyxrwmttiduafagyn
ugyxrwmttiduafagyn
awdh
hxvileqh
mqqwvfflstmlj
vgqnpro
syvahcgwbndtjmazuvia
csnirk
csnirk
zjbv
zjbv
yuvknmatsxoev
lll
wbpwscvgezyloo
wbpwscvgezyloo
rfxq
yusftmrwgpbwbltm
afjazftbpvu
zbuupwylqsumybo
idhxkjchbbyz
kbdcitctztlvu
qtomeksn
oqzxcvnnwrnjyuk
oqzxcvnnwrnjyuk
jehiwshle
mweka
ldwytujxrm
ldwytujxrm
cqsgcgu
nrnaqllwwryphbn
jgkxiwepwkryi
jgkxiwepwkryi
jgkxiwepwkryi
jgkxiwepwkryi
uqqsqitipux
e
oeythcturfszjipfcdx
oeythcturfszjipfcdx
hllxv
hllxv
ufcklt
okqmuwy
hhacgtocqv
hhacgtocqv
hhacgtocqv
hhacgtocqv
hhacgtocqv
hhacgtocqv
hhacgtocqv
hhacgtocqv
tijawfzrtaa
tijawfzrtaa
pcoiddhc
ceptbgntkizjugq
onxpzbutz
onxpzbutz
sjdmueaggjmtzvsmnobd
zctkmqml
zctkmqml
zctkmqml
zctkmqml
zctkmqml
bvov
bvov
fyvatx
fyvatx
fyvatx
aveymfkhdbknalgo
aveymfkhdbknalgo
biixnlakp
biixnlakp
biixnlakp
biixnlakp
mkrabadrtpeql
mkrabadrtpeql
mkrabadrtpeql
mkrabadrtpeql
mkrabadrtpeql
qnkgdpdhktmatkfzjpwb
qnkgdpdhktmatkfzjpwb
qnkgdpdhktmatkfzjpwb
ky
ozeuuivch
qrqazhfcpgqvnquilmy
qrqazhfcpgqvnquilmy
qrqazhfcpgqvnquilmy
qrqazhfcpgqvnquilmy
nmfhzagifir
nmfhzagifir
enhvcriiazynzu
emhopqnobqsyhrwc
jszm
xooxsh
waxyw
waxyw
waxyw
waxyw
cucgdffaayho
cucgdffaayho
rixn
jrbcstzcyktip
jrbcstzcyktip
jnljiyhlaamntif
hicrqiwq
hicrqiwq
mwvdawfeofsasb
mwvdawfeofsasb
mfy
qiigwwcepypk
byzevidqcn
ju
ju
ju
h
h
ue
ue
ue
ue
djrmcb
grdsmsmlikopb
jhxfsamyf
jhxfsamyf
oygsonoprgomeichi
xfrbrc
xfrbrc
xfrbrc
bosnogxms
dvlat
dvlat
dvlat
xivfikbyqk
egztpu
etecy
nz
nz
gxeercnzstkszxnkreii
gxeercnzstkszxnkreii
hvwgb
hvwgb
hvwgb
q
q
hupspafcfqyhvhvmgsf
qljb
dnli
iicdltkzvlmjrnacgme
umxfqvfxfjaxnhvg
umxfqvfxfjaxnhvg
umxfqvfxfjaxnhvg
csfsnltobsbammsg
g
g
g
g
g
ajewrlcrvsjsabxvdexf
ajewrlcrvsjsabxvdexf
ajewrlcrvsjsabxvdexf
dcrfjzwwzrvjvjtnaca
swcvmbvnd
toeaiclo
toeaiclo
toeaiclo
zvxnkmqskaggkpcpjnkx
zvxnkmqskaggkpcpjnkx
zvxnkmqskaggkpcpjnkx
mt
glnptyluhnaz
glnptyluhnaz
gcsfwafztzgzhowqctzh
pryj
pryj
rnqlyqrzghmdw
ikoko
ikoko
xkfmqrtiihzn
brxzdwmvragluw
pfgajyff
lakn
lakn
omrkllxfzonj
omrkllxfzonj
ohjomggzizdfhpocpua
ohjomggzizdfhpocpua
ohjomggzizdfhpocpua
mnhhrq
mnhhrq
rotpvi
rotpvi
qegccwlvmkt
qegccwlvmkt
qegccwlvmkt
qegccwlvmkt
qegccwlvmkt
qegccwlvmkt
qegccwlvmkt
qsue
qsue
hhnqyamikveyof
x
fhyzcuozqmtsq
odyqylvpthlyidlfjxor
odyqylvpthlyidlfjxor
odyqylvpthlyidlfjxor
odyqylvpthlyidlfjxor
wnayapjswintfoh
qsouejxzg
qsouejxzg
hagt
hagt
wit
qhzbmqarudunoiyjjyg
qhzbmqarudunoiyjjyg
gcmtryfmncbgu
gcmtryfmncbgu
xmozscpkrsffhj
pnobnsmmpfcln
vhuckesrbvgzz
ekcnrdm
ekcnrdm
ekcnrdm
ekcnrdm
ekcnrdm
rmntiwapikghhvfjbd
eqvzwlszcn
eqvzwlszcn
phnfpyxabedlukxlm
phnfpyxabedlukxlm
evszahlgwvgbxxop
evszahlgwvgbxxop
evszahlgwvgbxxop
evszahlgwvgbxxop
txmnkagmhzwzforymj
txmnkagmhzwzforymj
pbueewrzpjy
pbueewrzpjy
zffexmamynrdydwhof
jtruwntvsstxjqgx
ebpjosppfgzdqfjpfj
mhdpdvlwnhewrfjlh
mhdpdvlwnhewrfjlh
mhdpdvlwnhewrfjlh
mhdpdvlwnhewrfjlh
mhdpdvlwnhewrfjlh
xjajhtnxlls
vwrsmqcpvswhaxuykxj
ko
th
th
cvtluwwicmrhbg
crpfanifqniywt
crpfanifqniywt
sbcjhjihnqhmscstao
sbcjhjihnqhmscstao
mztdzr
mztdzr
xxnyzqlfrh
zemfjnvpqduwrojo
zemfjnvpqduwrojo
punhebp
yqdixnfcgcjpzmzu
jawlefmsskqsh
jawlefmsskqsh
jawlefmsskqsh
gqeuuibtqh
kjbcgjsgooau
khpzmwgeftsz
nujbui
nujbui
nujbui
rfwnymudjlnyhc
qxoaltsqxtuxesjknx
xhlyspwovw
thlhc
mgzkvisynlpqsct
unrufcgkedykhobd
ecasbjazurvmogfrc
wsmrcnkgvv
wsmrcnkgvv
vujacnirlzdpbnc
fxmjlcrcofowdmadguhq
fxmjlcrcofowdmadguhq
jjazq
w
w
w
iikotkjjfeiqp
zldvdcctexx
zldvdcctexx
ofw
ofw
xp
ohefgnbbgbpcpk
nwwkzyhumlypo
kwnztvzycszztkol
kwnztvzycszztkol
g
asprjlenkbmbu
asprjlenkbmbu
asprjlenkbmbu
tujcztqqzfew
tujcztqqzfew
refymjspdiwrkimvqodi
qxkycrkphujw
rdnlvrrce
wkrwhknpzdkjhvykwuba
pukux
pukux
pukux
pukux
r
r
r
r
r
r
jwwqfxvpf
z
jqlmkdfme
rjv
buf
buf
buf
nckh
cufepav
zkaodcjhv
cvoxliaixm
oygnukvovoy
ps
ps
ps
cenayplqhqooc
ozeynfzru
dmqolpz
dmqolpz
ryqyg
vuauktkfwkvrl
vuauktkfwkvrl
vuauktkfwkvrl
c
c
cnjalbzbazjhzdfndo
svxyqp
ujrvo
mhuovtyonkzghbkvzdeu
yjvkphst
m
putuaa
putuaa
diwh
diwh
dheorhn
di
di
di
k
qheuzupwednn
qheuzupwednn
qheuzupwednn
qheuzupwednn
rhebserisggzjhiyz
rhebserisggzjhiyz
agnbmjvf
wxmcof
wxmcof
ge
ge
hqbqaqowrcer
mvhoarevdlmfvrfr
mvhoarevdlmfvrfr
mvhoarevdlmfvrfr
mvhoarevdlmfvrfr
mvhoarevdlmfvrfr
mxeyd
mhxeldgr
mhxeldgr
mhxeldgr
mhxeldgr
mlhfmnc
mlhfmnc
elhjxldraqnfcj
oavkotezmkberrax
oavkotezmkberrax
gz
gz
wblpiu
ajknbno
pjqjqdijzry
pjqjqdijzry
pjqjqdijzry
pjqjqdijzry
ilyffynq
ytfvsqokolneywbvs
zun
nqru
ewurzjdhzaosgprk
egafsbx
egafsbx
egafsbx
egafsbx
egafsbx
kwsvgsdwcufkj
kwsvgsdwcufkj
vet
vet
dwhrcmpsdovglp
dwhrcmpsdovglp
dwhrcmpsdovglp
dwhrcmpsdovglp
tp
tp
wrwkqthuqhssgyhqz
afnqdufxzfcshcuac
voww
voww
voww
dzzoryg
myhobccxj
myhobccxj
vtkqbfwmjp
vtkqbfwmjp
mee
xr
rkjbfhapr
rkjbfhapr
byzcrigk
byzcrigk
byzcrigk
byzcrigk
byzcrigk
mnkkpohbhfvi
cgndb
cgndb
np
np
uj
ndpgwujpszlsavzuja
hxmvjhwxsjmd
olujuyackzpe
rlaidksf
rmq
rmq
rmq
rjaeerjdn
qhqjkmsziwnexzdiqdep
rnm
rnm
mvjyphmkxcwmhlxwbuee
mvjyphmkxcwmhlxwbuee
eziwaduaurlpizi
eziwaduaurlpizi
eziwaduaurlpizi
eziwaduaurlpizi
eziwaduaurlpizi
l
uwlpjgaludmfx
uwlpjgaludmfx
uwlpjgaludmfx
y
y
qbpwnreklzoi
lwdctxdgsunu
jqizfpmpaazslvbvg
jqizfpmpaazslvbvg
jqizfpmpaazslvbvg
jqizfpmpaazslvbvg
ubnpjbhkkgt
ubnpjbhkkgt
kiibpchkbvozflykhygy
cpfpieotpwggym
ppxagavtueq
nxbhityrroheo
nxbhityrroheo
nxbhityrroheo
nxbhityrroheo
nxbhityrroheo
upatobhyidhiwndsuwzn
xvnfeki
bymgtywmtenm
qnjehbjjxfkwfjbkjmyl
qnjehbjjxfkwfjbkjmyl
lhtumv
jiib
odhyycxyeg
ijyfw
ijyfw
ijyfw
ijyfw
ijyfw
ijyfw
lgut
abqbwcvzlcztognvtpu
syss
pzbgxrxbeow
pzbgxrxbeow
pzbgxrxbeow
dv
dv
clmwcidfcz
jktvspc
jktvspc
wyj
wuestjjrt
p
p
yeo
yeo
yeo
ruqdohevxebjoiqmzsz
dondxywpaefxlvm
dondxywpaefxlvm
dondxywpaefxlvm
dondxywpaefxlvm
dondxywpaefxlvm
dondxywpaefxlvm
ugq
ugq
ufsweoxmlxapomh
dwqwusnucznmfp
z
jv
v
v
v
v
v
v
v
vbxbmgqvvidjg
uyqgldozvarjzxvjhg
uyqgldozvarjzxvjhg
uyqgldozvarjzxvjhg
ernnwrqpxyopggws
gkictdtzbepr
pgcpod
pgcpod
lss
bjnsoudy
myhdierbak
myhdierbak
nrloeo
nrloeo
odonrxmkgcxhwndiywf
mqjjeupq
mqjjeupq
cnediygfcockatwkvbxm
lcurxshqshsbhh
ovs
ovs
bmnyaldqruvxd
oosnkusdypacxy
oosnkusdypacxy
oosnkusdypacxy
oosnkusdypacxy
a
a
yvpqtaqxjazn
tz
rngiywzgzguvkq
srqtnjtmlopgjaoc
srqtnjtmlopgjaoc
orhefscumbxrg
zigxngutascb
zigxngutascb
kdbfmtjylnx
ezvhijtyvvqzqgfxhdu
akxi
u
qbkumlcucugyucoeo
qbkumlcucugyucoeo
xedq
xedq
qdl
qdl
pdlxyzfflpewr
wdrouzvqvdukcoygbzr
yqsflwplhfck
yqsflwplhfck
yqsflwplhfck
wkpvcupiemie
wkpvcupiemie
jqinlwedwjdnojezf
rvbpkfnusbo
rvbpkfnusbo
kyhgo
evhqnafzoszqqnhlgi
evhqnafzoszqqnhlgi
zwzgbroqqncyzlytb
zadfgipuq
klcelqwrkbczwx
klcelqwrkbczwx
klcelqwrkbczwx
klcelqwrkbczwx
ecwthzn
jeqaw
jeqaw
mjplkubnqabtqyjhjign
mjplkubnqabtqyjhjign
bajjicaafswno
bajjicaafswno
bajjicaafswno
bajjicaafswno
ulzj
ulzj
z
hk
hk
hk
kmur
phtgbefboysvasyu
phtgbefboysvasyu
hdepgjwimevvyzjnvkz
nqsnafi
paeppeuliby
b
toybizlazfvrizwr
zf
zf
aatfanix
kwellrn
efkzmlsucexanvzphs
dgzarwijdsyq
jslkmujniey
jslkmujniey
jslkmujniey
nxuczljzzhqloddgob
nxuczljzzhqloddgob
nxuczljzzhqloddgob
nxuczljzzhqloddgob
hwoibps
hlhwrocncwamxihl
hlhwrocncwamxihl
vwctrxxq
rwsgyhdujgffrsyh
rwsgyhdujgffrsyh
psbhnr
vavjwmfgrtevacmqkxz
vavjwmfgrtevacmqkxz
vavjwmfgrtevacmqkxz
isadomincrcfltxuxivb
ytq
ytq
tithfyfwjzcirltw
tithfyfwjzcirltw
tithfyfwjzcirltw
tithfyfwjzcirltw
tithfyfwjzcirltw
sjyieqspbvwatvydpkko
wvomgkipniryirvlhmd
wvomgkipniryirvlhmd
frkra
frkra
xoocywyccsvzm
pjjaqjkxyveqrgkqoe
pjjaqjkxyveqrgkqoe
ijcpcnagsbehgtx
ijcpcnagsbehgtx
ijcpcnagsbehgtx
dbgsyidbsimpdwnynnt
chjgjvsdxmelz
chjgjvsdxmelz
qotryjafjqtvqreegz
vqokttjk
vqokttjk
tofhwq
tofhwq
kujjqyfaamdnetaxknth
kujjqyfaamdnetaxknth
ssnj
ssnj
ssnj
ssnj
ssnj
ssnj
ssnj
jopziihqr
jopziihqr
jopziihqr
jopziihqr
ayngqlg
wplidda
icdefqxoqpo
icdefqxoqpo
icdefqxoqpo
mzuqcjbyckm
mzuqcjbyckm
mzuqcjbyckm
ejfybagrvssainjautzi
ejfybagrvssainjautzi
frgbhinadaiw
frgbhinadaiw
maeabtaq
maeabtaq
maeabtaq
ejzuogreteozqosd
ejzuogreteozqosd
ufry
fsbunxwuuhjcrzdtz
fsbunxwuuhjcrzdtz
ffqnukdohwldkr
ffqnukdohwldkr
eliwbeijudqbobcva
qxmxnnurqmvmjrz
eolbgm
eolbgm
eolbgm
kw
bnpsswz
bnpsswz
bnpsswz
bnpsswz
bnpsswz
eg
eg
eg
eg
lzlknmxxpkvsfgg
lzlknmxxpkvsfgg
lzlknmxxpkvsfgg
lzlknmxxpkvsfgg
rkbbnfy
rkbbnfy
rxfcisk
rxfcisk
xyiagzbcfi
xyiagzbcfi
kaibzixwedn
roweeiocwwcqlnky
sqdxgjvagpgolspfx
utvbmtpdqg
utvbmtpdqg
albq
albq
jdtiwojangfcumftwx
dgdpfqupyd
dgdpfqupyd
uwo
uwo
i
uw
uw
uw
nsfukgybkdrqxizoatu
unbajpubzvoogmbahrb
unbajpubzvoogmbahrb
lyu
yrmq
iahgcjsqtwc
iahgcjsqtwc
vglnjqx
vglnjqx
eoeomlfkyifywj
eoeomlfkyifywj
eoeomlfkyifywj
tvyaj
tvyaj
dpeiwnusee
htgwiowevtjujr
mehw
mehw
mehw
sxvigvvqakc
ohokyprlkyoimtmlu
uagwxrdedmu
uagwxrdedmu
zidkaacdwkz
zidkaacdwkz
rfnwdj
rfnwdj
rfnwdj
rfnwdj
virt
virt
virt
ilauwkgkjsd
tlzth
tlzth
tlzth
tlzth
tlzth
uapozhkpvdubreiyk
uapozhkpvdubreiyk
okdhxvgpysuz
birqdzlxq
birqdzlxq
lotinlbuvpcjirdrhhyi
pcyewsycmwranzcc
pcyewsycmwranzcc
xqkycwtyehaimgf
o
wrqd
wrqd
d
d
d
stjbqx
lcrecexsqxtztoi
lcrecexsqxtztoi
lcrecexsqxtztoi
msisb
msisb
msisb
msisb
trztvfxa
trztvfxa
trztvfxa
geyxabzhobnlypuqug
rux
rux
rux
mrrx
mrrx
mrrx
mrrx
mrrx
snqobkaqjzzk
ozndcdrjikiaykzhmx
ozndcdrjikiaykzhmx
poqfxcl
hbcsamsqj
hbcsamsqj
lxxyozofpfihwi
fyllnwbgrbshyqo
fyllnwbgrbshyqo
uwbccccj
coknyrdxuabn
coknyrdxuabn
coknyrdxuabn
dyojjgtim
uebzcsexujwpjxpez
uebzcsexujwpjxpez
uebzcsexujwpjxpez
uebzcsexujwpjxpez
uebzcsexujwpjxpez
quawdwu
quawdwu
jbijtpfgzvjgduzq
ar
ar
ar
eb
eb
eb
eb
fyqicagqvmbabplrx
lnnhl
lletuxpmikzt
lletuxpmikzt
pteitfcrrpwycifodyd
bsbskxj
zctzkjb
zctzkjb
rrofpgivayrkxedasm
rrofpgivayrkxedasm
rrofpgivayrkxedasm
rrofpgivayrkxedasm
uj
uj
uj
fraznb
fraznb
chzcazzhvpcssrdrm
vwbkgutkotkx
ebpjlrjwprdqvtgbpukx
lakfgxgbsgjg
lpkeqay
xi
vqjkqeyldhhpbvemshle
vqjkqeyldhhpbvemshle
vqjkqeyldhhpbvemshle
nnhvmdmuhdfmlizjv
nnhvmdmuhdfmlizjv
rntqnrscuut
rntqnrscuut
uvn
rsqxwevxjmcpzorcsrnu
jfmeejj
jfmeejj
jfmeejj
jfmeejj
jfmeejj
jfmeejj
ks
ks
kwtaifoojka
kwtaifoojka
kwtaifoojka
kwtaifoojka
byuxnps
ngvjpqos
nfnlds
nfnlds
nnigovgcthrm
nnigovgcthrm
nnigovgcthrm
hgfws
sybqzm
sybqzm
lgtctiloperlewknxga
vz
vz
eeiobsbzj
mayv
hyrbsalpbnc
hyrbsalpbnc
oi
oi
os
zocwcbzyvfbyhde
rwpogasnrmlf
rwpogasnrmlf
rwpogasnrmlf
rwpogasnrmlf
dtavzkdhsqtejdtfyml
dtavzkdhsqtejdtfyml
dtavzkdhsqtejdtfyml
dtavzkdhsqtejdtfyml
dtavzkdhsqtejdtfyml
dtavzkdhsqtejdtfyml
dtavzkdhsqtejdtfyml
dtavzkdhsqtejdtfyml
azaooroqkbpxjewa
sia
sia
exb
oiqtzraugcpbpzmkxz
pmyjicsuugzw
pmyjicsuugzw
pmyjicsuugzw
dgfqftuastyozkytkbf
dgfqftuastyozkytkbf
dgfqftuastyozkytkbf
khmunjmdryo
khmunjmdryo
khmunjmdryo
khmunjmdryo
ngwkddjwtaqknzdva
ngwkddjwtaqknzdva
kzcyckezw
kzcyckezw
ydfifzemnytvrxayyx
ydfifzemnytvrxayyx
blvfaymxdtpntwlrmwlj
ckltbihqrzzfdlxcxn
tmwxzlpjonoyosrfr
tmwxzlpjonoyosrfr
hqxunos
hqxunos
hqxunos
hqxunos
hqxunos
hqxunos
vrivwiuhrsl
vrivwiuhrsl
vrivwiuhrsl
vrivwiuhrsl
wjtiqrpnecpvqwrvlmc
bdfgvhgmqjpshithvhcp
bdfgvhgmqjpshithvhcp
bdfgvhgmqjpshithvhcp
wgkehsdbmhs
wgkehsdbmhs
orwinhvambgyqrbjg
wogqkqwjgobiizjp
buoaqeegteffju
hhvjjrzskpb
qqrfncbyuwqh
qqrfncbyuwqh
kxizccnntvurfhrzjex
kxizccnntvurfhrzjex
kxizccnntvurfhrzjex
kxizccnntvurfhrzjex
kxizccnntvurfhrzjex
kxizccnntvurfhrzjex
kxizccnntvurfhrzjex
kxizccnntvurfhrzjex
otlslmznfzcwikqqsdl
otlslmznfzcwikqqsdl
yazzuwlzn
yazzuwlzn
xekawbuvsqqkrgarepo
jbu
jbu
jbu
shtmatkkvz
shtmatkkvz
shtmatkkvz
shtmatkkvz
jewyujchbzixn
znjcaap
znjcaap
znjcaap
znjcaap
znjcaap
dluxzwc
hqnoxizoqrabfmuh
wuazrgm
fikgqabbbm
fikgqabbbm
fikgqabbbm
sg
sg
sg
sg
nrqhhhp
nrqhhhp
nrqhhhp
nrqhhhp
wwdmaoixyhyww
l
l
l
l
l
l
smkeroptum
smkeroptum
lcuavcxawzdhxkbp
lcuavcxawzdhxkbp
nhkeuaxka
nosgaprbwefiibqhoe
weekellyylnxkzzfdxme
weekellyylnxkzzfdxme
weekellyylnxkzzfdxme
hr
hr
hr
jan
jbubwuruoabtddvpa
jbubwuruoabtddvpa
fhtulalmqdppeapre
fhtulalmqdppeapre
fhtulalmqdppeapre
fhtulalmqdppeapre
x
xdfk
xdfk
xdfk
yiszlaqxdpwadjhndcob
xirmq
xirmq
ujdxmojnmzgdwzwudi
ujdxmojnmzgdwzwudi
ypnasyyqeibwovpiprhx
kzjnfcadri
ktysstshgjosk
bwktchzsuuuvzfgztp
olc
olc
olc
csqeykzlzumjp
csqeykzlzumjp
xmufwfbhzxrdedavvkgg
dsy
rrpawpfhulp
dbkjpgipnpnzzsmb
dbkjpgipnpnzzsmb
aygoajuszl
aygoajuszl
aygoajuszl
ukyavsiqkq
ukyavsiqkq
jyjz
bfnhh
bfnhh
okiasovdiwzrbm
bfeiuq
mrxvlyv
dgokbqjduzw
hyqfjqzyfbotudehrv
kzuyjwwfvuxw
kzuyjwwfvuxw
kzuyjwwfvuxw
kzuyjwwfvuxw
kzuyjwwfvuxw
auftfglpxvxhuahhkbtr
yevwolltjubxuajsy
hurnygqytqnduyiqjoh
kxsdvsbobzt
kxsdvsbobzt
vdcksreczijewooqbeky
vdcksreczijewooqbeky
vdcksreczijewooqbeky
wllfojugppiud
isbljaahprsfqosbsev
aihglicoumln
kzhwmvlgpen
etrhnlqtdmgj
mbtc
mbtc
tef
tef
tef
tef
tef
pqcqjxjbrtxlg
pwbrddijnif
pwbrddijnif
ruvrpp
ruvrpp
ruvrpp
ruvrpp
qapo
howqejbyijjp
howqejbyijjp
ntqlhcqykqak
ntqlhcqykqak
ntqlhcqykqak
abtaypmobzlngij
r
r
r
dgbncghvjyuohndaszi
dgbncghvjyuohndaszi
dgbncghvjyuohndaszi
dgbncghvjyuohndaszi
wlygdlsvvhezwrpfjz
wlygdlsvvhezwrpfjz
hmjopjtlcvdwt
hmjopjtlcvdwt
laqhzkdzmgf
laqhzkdzmgf
laqhzkdzmgf
vzyabwgxtfttq
vzyabwgxtfttq
fvxcetmnvugspydtn
hiirwzu
hiirwzu
hiirwzu
njlvcppkvniqsywc
njlvcppkvniqsywc
njlvcppkvniqsywc
aoyplmfmupjbmiohlje
aoyplmfmupjbmiohlje
aoyplmfmupjbmiohlje
eybaelmfo
igfflpnmmpajvohbqn
igfflpnmmpajvohbqn
igfflpnmmpajvohbqn
igfflpnmmpajvohbqn
vqzghy
vqzghy
lyvqwftbgawhsvvlx
mmcvszthhukierjm
mmcvszthhukierjm
a
a
bpsagebhlvsviual
bpsagebhlvsviual
bpsagebhlvsviual
bpsagebhlvsviual
u
iw
fbptinfihfamxr
fbptinfihfamxr
fbptinfihfamxr
fbptinfihfamxr
lzzvyowhaqk
izuauvfuzew
izuauvfuzew
izuauvfuzew
izuauvfuzew
izuauvfuzew
kmtojgavcvqln
uizlkbzspkoenkd
rrymh
rrymh
rrymh
rrymh
zltjgjliptdz
zltjgjliptdz
zltjgjliptdz
gcncao
gcncao
lecchmjo
lakjjbhtrlu
lakjjbhtrlu
vewycvdocio
vewycvdocio
vewycvdocio
jw
jw
jw
dme
dme
cheof
dvvnr
dvvnr
cjykvvnnltfm
g
ji
ji
srarhaizdh
hntteeudcueov
mwoggxq
mwoggxq
mwoggxq
mwoggxq
mwoggxq
mwoggxq
yppbjnhrqjyeoywkppfb
uzmurflwshm
uzmurflwshm
uzmurflwshm
tsw
tsw
yojewvdmqsezlwc
yojewvdmqsezlwc
wwtjunwdu
wwtjunwdu
phjtkke
phjtkke
phjtkke
phjtkke
phjtkke
phjtkke
phjtkke
anbcrhpyb
anbcrhpyb
rbktflvheqfhorumymew
tsfsibxrqnqpamjqzh
tsfsibxrqnqpamjqzh
ilh
ezjaakcvkjozgrwikfih
ezjaakcvkjozgrwikfih
tvmvwkzy
hacyxarbqlojzmglal
togyfhyw
famy
famy
eoqccxzqzae
eoqccxzqzae
rddgn
rddgn
rddgn
rddgn
tzdfcyu
xhyrfchikdeqflpapjpn
xhyrfchikdeqflpapjpn
uufgbtohpat
uufgbtohpat
uufgbtohpat
uufgbtohpat
ugdvfjttd
ugdvfjttd
kahdhxfdsinl
yeryo
yeryo
libftqfinbznbpbybyvw
ewuowppilv
ewuowppilv
ewuowppilv
ewuowppilv
ewuowppilv
jsotwbizndje
jsotwbizndje
krlfoijmtlgxqjqangli
mhfti
brgzdnbaejeknhxv
brgzdnbaejeknhxv
brgzdnbaejeknhxv
brgzdnbaejeknhxv
fwxjcgbhwtep
sbcnnfinipkpfkjf
sbcnnfinipkpfkjf
sbcnnfinipkpfkjf
vjmknhiaprie
urmaswesbed
hbupehdtwynsgarak
aeeasclbzsgsgweggr
axb
ayfzo
ayfzo
d
zwmjbhmabkfbvutcl
zwmjbhmabkfbvutcl
zwmjbhmabkfbvutcl
ukucymaodufo
ukucymaodufo
xniyzzrrq
xniyzzrrq
rngcubogpecddmouhaf
rngcubogpecddmouhaf
yyjlyzpowdog
yyjlyzpowdog
yyjlyzpowdog
b
zdsdpk
zdsdpk
nqba
nqba
nqba
nqba
nqba
ncnjumfniryr
ncnjumfniryr
nx
nx
kzpwiau
agownkoklhuinwc
agownkoklhuinwc
agownkoklhuinwc
agownkoklhuinwc
wekmhvghcyjl
wekmhvghcyjl
wekmhvghcyjl
uaobmmykageva
uaobmmykageva
uaobmmykageva
ovdhrrwueutcz
ovdhrrwueutcz
jlbmqyywgt
ycesjpchgbdlfl
ycesjpchgbdlfl
qdklrlacbewktis
qdklrlacbewktis
qdklrlacbewktis
qdklrlacbewktis
qdklrlacbewktis
incfjujmfxnedrqio
incfjujmfxnedrqio
ejozeurjhcpfcdojvp
xfdithro
ek
sqhd
ravmsfcfbwrxwq
ravmsfcfbwrxwq
ravmsfcfbwrxwq
vdowhnuvqogxbftzbn
bxerpmofz
heaerulzhqlgorcwugqt
heaerulzhqlgorcwugqt
kihtjqguknxvbhwbm
kihtjqguknxvbhwbm
kihtjqguknxvbhwbm
kihtjqguknxvbhwbm
kihtjqguknxvbhwbm
wsymttlyusx
ovryknxen
mnacimzqlzhslih
mnacimzqlzhslih
cmqji
mty
mty
hgxssudixslqcrzhdifr
hgxssudixslqcrzhdifr
s
zjmtlcpbwnxdbaspegxc
zjmtlcpbwnxdbaspegxc
zjmtlcpbwnxdbaspegxc
zjmtlcpbwnxdbaspegxc
zjmtlcpbwnxdbaspegxc
zjmtlcpbwnxdbaspegxc
yrqkqregdbqtbiek
kuvlmvcjafs
kuvlmvcjafs
qfjbweaukqhxpwpr
miyrtofuzfife
miyrtofuzfife
miyrtofuzfife
zvdqvvgapwwzp
svvjpmcgmalyee
svvjpmcgmalyee
jvdsjjxdpbgh
l
uvrwkguxrk
djmjn
djmjn
zgbjprizxouz
bvf
fwvfqtdtvaawn
bdvmypodedrckdxfmi
gljillbrtbinfipxcsz
pexuemvnezomuvbfc
pexuemvnezomuvbfc
mpdtngqo
fxaaocshzxrsastgcype
wukw
wukw
xbcsldqdcd
is
lwosbkaxsu
lwosbkaxsu
ifksihlxhletqgpqil
ifksihlxhletqgpqil
lbydcuyfatlbazsyqzu
lbydcuyfatlbazsyqzu
lbydcuyfatlbazsyqzu
z
bxmcp
bxmcp
phgd
phgd
h
h
oebsdtcvql
oebsdtcvql
pfruamdkl
pfruamdkl
soqonkpvxn
qizcwo
qizcwo
qizcwo
qizcwo
qizcwo
ykiufnasbgltqikdq
ykiufnasbgltqikdq
xq
zlcglnjtrybo
z
swosudqqaag
gthvnoeblgvlcbozcpf
gthvnoeblgvlcbozcpf
gthvnoeblgvlcbozcpf
efmbdqklnuvac
mncmlehdqmkefab
xkdpipomwjsdznlch
xkdpipomwjsdznlch
xkdpipomwjsdznlch
xkdpipomwjsdznlch
otssmodoqcabeate
zgfsrlbtgtomgbuu
zgfsrlbtgtomgbuu
zgfsrlbtgtomgbuu
uihzmps
dzbbv
mcmfk
mcmfk
cepjszyhniulhwidma
cepjszyhniulhwidma
cepjszyhniulhwidma
sgykbmpbq
amifrgsjvscxvuxrhyp
fuidvtgfwzctvewqfx
fuidvtgfwzctvewqfx
fuidvtgfwzctvewqfx
ogleshfpyrfkvbg
xqva
rwv
yvrpukyihvrjsh
yvrpukyihvrjsh
dwtfppk
dwtfppk
zmbzfjrqvtdvktfj
zmbzfjrqvtdvktfj
vw
jkxcgepetasrufenwhy
hqjuiascgamnfgwqib
tjzlxbaf
tjzlxbaf
wpfaoehqlqad
wpfaoehqlqad
wpfaoehqlqad
wpfaoehqlqad
cbkaqyebumizvr
cbkaqyebumizvr
cbkaqyebumizvr
vdkvkuhbvdaceixndz
yakwekxrrdrvkngr
wbez
wbez
pnbznqp
yj
ukscblxmxynvqk
onrsnnzvqissfmxzmy
yyaeqxtxvyoiuvx
yyaeqxtxvyoiuvx
gfzqlqvao
gfzqlqvao
gfzqlqvao
gfzqlqvao
gfzqlqvao
ik
ik
kblimtfiwgsynjlykg
kblimtfiwgsynjlykg
kblimtfiwgsynjlykg
kblimtfiwgsynjlykg
wslpjsgabwoqdmy
wslpjsgabwoqdmy
gircritbemiobdkez
ietcuqfqzgwprhxfuk
vcyctwqy
vcyctwqy
vcyctwqy
vjhgxyhfrj
tnhenfxcxeyciojmdfn
hungiutclhcwnpitqn
evaorrpjsgyot
jfebqjdoompahivtxwf
jfebqjdoompahivtxwf
c
c
c
c
otdkimtsbfefejefsj
hksfixf
vllidhmeupgkrocik
lvfzkhqaersmlegdio
lvfzkhqaersmlegdio
wxg
owhtoismbpjccreink
owhtoismbpjccreink
owhtoismbpjccreink
owhtoismbpjccreink
owhtoismbpjccreink
dxerhplwslgzfopzb
huktrkf
huktrkf
yhjfopsawg
zvcahzgjumghpdryodm
lbkxaendqwokv
lbkxaendqwokv
ucirnes
ecwepivovateceedv
ecwepivovateceedv
rigvaay
rigvaay
rigvaay
amenl
zlltidyj
zlltidyj
zepgcbzgxxciixr
zepgcbzgxxciixr
zepgcbzgxxciixr
voidn
tcoxh
r
r
r
r
dcmmsjoovlset
dcmmsjoovlset
avefmvnwjoqkhnqiadmm
yzhzjaubfxfzn
xkoopnkyoziph
krublsqvaaokvubfk
krublsqvaaokvubfk
krublsqvaaokvubfk
krublsqvaaokvubfk
krublsqvaaokvubfk
utyuydgqaprrmymfg
utyuydgqaprrmymfg
gnwpcdxkxxhbkdgjin
odeixrrru
frvafkize
fluz
hrqelutajleatbx
rsc
laygecmthlexnmca
laygecmthlexnmca
nyasblmmhwprgvxul
nyasblmmhwprgvxul
nyasblmmhwprgvxul
jyikl
sguxnjtlpsbgroi
sguxnjtlpsbgroi
eqkdysayqthladsamo
eqkdysayqthladsamo
eqkdysayqthladsamo
ulmb
ulmb
ulmb
ulmb
ulmb
ulmb
ulmb
ulmb
ulmb
ulmb
ulmb
ulmb
frcpxsohtd
frcpxsohtd
czuoishehraifzxveb
s
puuuxnusoqbxw
puuuxnusoqbxw
fmkkpjrhfb
sbirxetqwcuasnw
mq
cxmqjgopxcbug
ocznyjk
gfz
bxipcvw
ll
xewtagt
eyewvaptcthwryeo
eyewvaptcthwryeo
dc
dc
mjdyr
bectcrbad
bectcrbad
zhuknztwvxrij
zhuknztwvxrij
qnxdfdffshufvvt
qlpzfvdf
g
x
x
adgebrc
bqaxd
bqaxd
bqaxd
bqaxd
bqaxd
bqaxd
otenrqstjomvio
nhopdvpqzcn
j
j
omsyo
omsyo
omsyo
omsyo
omsyo
omsyo
jopvpqrqwyhenelzhpu
j
j
j
j
eukt
wkxvossw
thstrzyg
zdqwgispwezhnu
fn
fn
fn
fn
ehglcer
ehglcer
ehglcer
ehglcer
ehglcer
sqqnvsgxvkkowru
wvkj
wvkj
wyygfer
wyygfer
bxyaumt
mqgyburf
mqgyburf
mqgyburf
gqxtt
gqxtt
gqxtt
gqxtt
gqxtt
gqxtt
bdwyckgehurlzbwuhp
yhnvbrdmoex
bstqxmabgjchejn
tcjfikwgfdyuv
tcjfikwgfdyuv
tcjfikwgfdyuv
tcjfikwgfdyuv
tcjfikwgfdyuv
roeo
ltcahmbyhlwwuhg
ltcahmbyhlwwuhg
thtxpy
gkwmldxl
gkwmldxl
oswejumubbhqjqrg
ig
xmpvtlmjkxy
xmpvtlmjkxy
xmpvtlmjkxy
fpowbn
fpowbn
fpowbn
fcmpzmtzhkyzykpq
a
iijqjwudljjkj
iijqjwudljjkj
iijqjwudljjkj
urdyqcmwigqsigdjmso
urdyqcmwigqsigdjmso
nhtyujbwgasonfqr
nhtyujbwgasonfqr
tzdnstaef
dzyrgvaaqxega
dzyrgvaaqxega
dzyrgvaaqxega
dzyrgvaaqxega
myroceef
myroceef
wdfskr
wdfskr
yquiqfde
yquiqfde
yquiqfde
yquiqfde
yquiqfde
trvfvpokhcqmbvxohvf
mzyxtgesrp
mzyxtgesrp
jlxycfbtz
jlxycfbtz
jlxycfbtz
jlxycfbtz
nmiwdgawju
ls
ls
ggpelzlyyxtlytxng
lvtmdt
lvtmdt
lvtmdt
iduyztfdleooprsnwj
iduyztfdleooprsnwj
zroyiugevvwdhp
zroyiugevvwdhp
zroyiugevvwdhp
zroyiugevvwdhp
ejl
xxhxipsgtv
xxhxipsgtv
xxhxipsgtv
tniwxjocmmxetrgvp
aadbipzvutkgudm
zez
pdwbyrjuiakeikl
bbkeiitycsohhzmu
bbkeiitycsohhzmu
bbkeiitycsohhzmu
bbkeiitycsohhzmu
ckzl
ckzl
ckzl
n
n
n
n
