qnkypnxnnp
ujpcm
ujpcm
iqquhuwqhdswxxr
iqquhuwqhdswxxr
wunfag
pprswkdkobdagwdwx
pprswkdkobdagwdwx
eesrvn
eesrvn
eesrvn
eesrvn
eesrvn
dke
llkfdvp
llkfdvp
llkfdvp
qlngdscrentzamztvvcv
pmrfkyunydtmwbexsngx
pmrfkyunydtmwbexsngx
pmrfkyunydtmwbexsngx
pmrfkyunydtmwbexsngx
dfqj
dfqj
ceahgiakevsjoadmk
abzbr
yoosx
xeezjxo
xeezjxo
bl
