zesomkxhaiafmvkbj
zesomkxhaiafmvkbj
vpr
vpr
qmilwkbkgogo
fqxzjz
fqxzjz
wxmpob
q
qxiwhfu
qxiwhfu
qxiwhfu
qxiwhfu
qxiwhfu
qxiwhfu
qxiwhfu
qxiwhfu
qxiwhfu
qxiwhfu
qxiwhfu
spvwdnv
spvwdnv
wnpkdr
jmwisy
jmwisy
jmwisy
fwsjf
fwsjf
rshjqn
oyplxenffmfdzdioju
oyplxenffmfdzdioju
yaovqbivudydgx
yaovqbivudydgx
ac
ac
lfmnqgddqpcjxzft
krlwgs
qbk
dqixlsifcokfr
cvdyfwuhtz
xbhqjomxrbhjqxvdas
xbhqjomxrbhjqxvdas
yquevhvuzcvfm
yquevhvuzcvfm
susmaddqkwgfir
sfhovhctwnhuuveprri
sfhovhctwnhuuveprri
wwpejxibdknpo
rtjpatmdlhmq
krlvvssmamb
kathfmnlctsq
tlhrlypbzi
tlhrlypbzi
tlhrlypbzi
k
k
k
k
k
k
k
zcehtczqjzlkgyv
uuve
uuve
u
u
u
ttsqhwkbbm
ttsqhwkbbm
ucset
ucset
ucset
wd
wd
wd
wd
wd
wd
wd
cy
pavebvdujgsulahkp
pavebvdujgsulahkp
pkpb
esgfbiqnipo
esgfbiqnipo
thqrzsphbnumgr
gaxd
nykbyumepubrxuo
nykbyumepubrxuo
chwszhvcdooejlc
chwszhvcdooejlc
chwszhvcdooejlc
chwszhvcdooejlc
chwszhvcdooejlc
chwszhvcdooejlc
cektfrdmowh
cektfrdmowh
cektfrdmowh
avbrawmihzsnfhrafbq
avbrawmihzsnfhrafbq
tmpqzqtsvnvwjmgvhues
cftaftuwtgxavem
cftaftuwtgxavem
cftaftuwtgxavem
xenprpmyzrexshnvtes
tmatxbu
gfxphpfckjdbfbximee
gfxphpfckjdbfbximee
ndfho
wjtfruvzwbhlzbveby
xifdjqshlqaueglq
mxgjlnnfkw
xfcanwpofl
xfcanwpofl
xfcanwpofl
mxvuo
nmhiprgeryrpjp
nmhiprgeryrpjp
fzafkxyfmc
fzafkxyfmc
fzafkxyfmc
eqtjsodvhbuu
eqtjsodvhbuu
eqtjsodvhbuu
cdxqhceqldfavgqlvitu
cdxqhceqldfavgqlvitu
ijwhsmg
l
l
l
gxhcfcmra
ojgx
ojgx
fitylhxhzxmjdlisupd
fitylhxhzxmjdlisupd
fitylhxhzxmjdlisupd
fitylhxhzxmjdlisupd
gnngcgg
hna
hna
y
y
igoa
ljashcjjwhlkqnip
daskq
daskq
daskq
jgekya
jgekya
rvcohldavkjiykhccm
dhkkim
dhkkim
dhkkim
dhkkim
zwthkfnizebv
zwthkfnizebv
zrnwwvxdckgnc
gmpyqlpz
gmpyqlpz
gmpyqlpz
gmpyqlpz
gmpyqlpz
gmpyqlpz
gmpyqlpz
obajuldlwr
hatzttiylactadtninw
hatzttiylactadtninw
xaajnagfevs
xaajnagfevs
xaajnagfevs
mzkkzrrddcmrayg
mzkkzrrddcmrayg
uikqynjauc
uikqynjauc
hycvaexjy
vqgsfivkv
vqgsfivkv
c
c
c
c
c
c
wgqjgaqclpsxnse
ks
ks
ks
ks
ks
cusleiacqxjipdtil
cusleiacqxjipdtil
cusleiacqxjipdtil
siewjplnaidvvixj
siewjplnaidvvixj
mvmveqlhjzt
mvmveqlhjzt
mvmveqlhjzt
tcgromekrinqbgvgl
tcgromekrinqbgvgl
slfszfqivgkaflgkctvb
ipwom
ipwom
yqxhlbceuhbjbfnhofcg
yqxhlbceuhbjbfnhofcg
yqxhlbceuhbjbfnhofcg
dseffycthmlpc
xnrt
xnrt
jbslxlpo
jbslxlpo
nlvtq
oxqtqlxvlsssi
oxqtqlxvlsssi
vvz
uyqwoknnqcqggysrq
uyqwoknnqcqggysrq
vyhxsjmhoqoyo
vyhxsjmhoqoyo
vyhxsjmhoqoyo
vyhxsjmhoqoyo
yiqrmmpmueqbsbljddw
pxneofhqzjdmur
vqitgyfgf
vqitgyfgf
vqitgyfgf
nbaapyhwpcrmehxcp
zfiayfvo
yiwxmrahuwl
yiwxmrahuwl
yiwxmrahuwl
yiwxmrahuwl
hpbiiqmdptefnngfztqh
mt
mt
mt
mt
l
hkhbhphtjky
hkhbhphtjky
avjaupv
avjaupv
kxxdmz
axjdaevibeqacbdxwrg
plkhfpnlpflznd
jjtthzhpowrylzzyvna
jjtthzhpowrylzzyvna
jjtthzhpowrylzzyvna
jjtthzhpowrylzzyvna
wwxby
ek
zzdrqonowwvwjfxx
p
p
mayfpniwa
mayfpniwa
mayfpniwa
z
z
z
z
z
z
z
z
anftsvgluxxmwt
xrdqnploagmmgethvb
xrdqnploagmmgethvb
xrdqnploagmmgethvb
xrdqnploagmmgethvb
qidnzpszh
iwnuqztlhklubmjmqim
iwnuqztlhklubmjmqim
iwnuqztlhklubmjmqim
iwnuqztlhklubmjmqim
iwnuqztlhklubmjmqim
zxvk
pzyvewmvqmsoi
jizuq
izwmncrcabvmqwafvm
izwmncrcabvmqwafvm
iur
p
yuha
bvkspwisd
bvkspwisd
bvkspwisd
bvkspwisd
lfutcukwgtxnqxmuk
uedk
uedk
wztbdjrbazxotgfqvyqp
jgjvqiwl
jgjvqiwl
inoeebsc
inoeebsc
syvutvhvmiycoys
yh
yh
rhnixrhwod
qurfpiqdfteswn
qurfpiqdfteswn
qurfpiqdfteswn
qurfpiqdfteswn
qurfpiqdfteswn
qurfpiqdfteswn
okdwtzoqo
okdwtzoqo
okdwtzoqo
okdwtzoqo
omodfaszwzguz
omodfaszwzguz
tbwmchqhygftvaofpx
tbwmchqhygftvaofpx
tbwmchqhygftvaofpx
tbwmchqhygftvaofpx
qoskjdxwhimeuwx
qoskjdxwhimeuwx
blpmamklrwlznpl
blpmamklrwlznpl
rsfvhclaedsmlkjaq
ogrltulberiywi
ogrltulberiywi
joizzgjszebtaqq
yfgdcbkdg
rjpoahr
uvcrqzplxhykiaoapj
enovcsfkfuh
enovcsfkfuh
enovcsfkfuh
enovcsfkfuh
enovcsfkfuh
enovcsfkfuh
enovcsfkfuh
hzmvkjevsrbdi
hzmvkjevsrbdi
sgpgngyckzvgysvwc
rufi
njlewro
njlewro
pppjczyxeaiqanaz
zznmnnxwraiieicsc
htoprratxufcithoki
kiatsri
kiatsri
kiatsri
kiatsri
