-1
-1
-1
840594328
840594328
545531545
840594328
-1
840594328
506147731
-1
840594328
840594328
840594328
-1
87027328
506147731
840594328
840594328
506147731
992120464
506147731
160449218
506147731
840594328
672298989
331602581
331602581
-1
989214957
927999455
537560717
840594328
191890310
506147731
840594328
87027328
331602581
506147731
901347593
441414148
191890310
774034433
774034433
