1 2
4 5
9 10
8 11
7 12
13 14
6 15
21 22
20 23
19 24
18 25
26 27
28 29
30 31
35 36
34 37
39 40
38 41
33 42
32 43
44 45
46 47
48 49
50 51
17 52
16 53
54 55
3 56
57 58
60 61
59 62
67 68
66 69
76 77
78 79
75 80
74 81
83 84
82 85
73 86
72 87
71 88
92 93
91 94
90 95
89 96
70 97
65 98
64 99
63 100
