612998472
189448062
63670723
536057757
22585748
15652287
43632465
1760427
5856988
22617716
16366299
42941115
55765294
12390920
36121693
17872720
170209
27582482
10168491
6400658
45790473
51341744
3652133
12874362
15345571
8860933
56782975
28834046
6201242
32772691
3833334
5658017
930073
55786911
2905507
2872233
38447825
16141084
3450412
21043350
988137
11997725
4778636
9030000
3747295
9877890
32581456
11152781
45513561
