329211
660016
660016
660016
449218
195922
147731
147731
147731
766466
766466
797489
797489
89200
89200
509806
56553
697435
697435
723554
298989
298989
179569
179569
